41e00000 T __image_copy_start
41e00000 T _start
41e00020 T _undefined_instruction
41e00024 T _software_interrupt
41e00028 T _prefetch_abort
41e0002c T _data_abort
41e00030 T _not_used
41e00034 T _irq
41e00038 T _fiq
41e0003c t _pad
41e00040 T IRQ_STACK_START_IN
41e00040 T _end_vect
41e00044 t reset
41e00084 T c_runtime_cpu_setup
41e0009c W save_boot_params
41e000a0 T cpu_init_cp15
41e000d8 T cpu_init_crit
41e000e0 t undefined_instruction
41e00140 t software_interrupt
41e001a0 t prefetch_abort
41e00200 t data_abort
41e00260 t not_used
41e002c0 t irq
41e00320 t fiq
41e00380 t v7_maint_dcache_all
41e00450 T invalidate_icache_all
41e00468 T __v7_outer_cache_enable
41e00468 W v7_outer_cache_enable
41e0046c T __v7_outer_cache_disable
41e0046c W v7_outer_cache_disable
41e00470 T __v7_outer_cache_flush_all
41e00470 W v7_outer_cache_flush_all
41e00474 T flush_dcache_all
41e00488 T __v7_outer_cache_inval_all
41e00488 W v7_outer_cache_inval_all
41e0048c T invalidate_dcache_all
41e004a0 T arm_init_before_mmu
41e004c8 T __v7_outer_cache_flush_range
41e004c8 W v7_outer_cache_flush_range
41e004cc T flush_dcache_range
41e00508 T flush_cache
41e00510 T __v7_outer_cache_inval_range
41e00510 W v7_outer_cache_inval_range
41e00514 T invalidate_dcache_range
41e005c0 W cpu_cache_initialization
41e005c4 T cleanup_before_linux
41e005ec T lowlevel_init
41e005fc T jumparch64_smc
41e00618 T arch_cpu_init
41e00628 T reset_cpu
41e00630 T _main
41e00670 t here
41e00680 t clbss_l
41e006b4 T relocate_code
41e006c4 t copy_loop
41e006dc t fixloop
41e006fc t fixnext
41e00704 t relocate_done
41e00718 t print_cpuinfo
41e00720 t display_banner
41e00740 t init_baudrate
41e0076c t mark_bootstage
41e00780 T __coloured_LED_init
41e00780 W coloured_LED_init
41e00784 T __red_led_on
41e00784 W red_led_on
41e00788 T __dram_init_banksize
41e00788 W dram_init_banksize
41e007a4 T __power_init_board
41e007a4 W power_init_board
41e007ac T board_init_f
41e008dc T config_shared_SRAM_size
41e00920 T board_init_r
41e00a2c T arch_fixup_memory_node
41e00a68 t boot_jump_linux.isra.5
41e00aa4 T arch_lmb_reserve
41e00ac8 W setup_board_tags
41e00acc t boot_prep_linux
41e00c44 T do_bootm_linux
41e00c98 T boot_prep_vxworks
41e00ce8 T boot_jump_vxworks
41e00cf4 T interrupt_init
41e00d10 T enable_interrupts
41e00d14 T disable_interrupts
41e00d1c T bad_mode
41e00d2c T show_regs
41e00e68 T do_undefined_instruction
41e00e88 T do_software_interrupt
41e00ea8 T do_prefetch_abort
41e00ec8 T do_data_abort
41e00ee8 T do_not_used
41e00f08 T do_fiq
41e00f28 T do_irq
41e00f48 T do_reset
41e00f74 t cp_delay
41e00fa4 W arm_init_domains
41e00fa8 T set_section_dcache
41e00fbc W dram_bank_mmu_setup
41e00ffc T icache_enable
41e01014 T icache_disable
41e01030 T dcache_enable
41e0109c T dcache_disable
41e010c8 T do_backup_message
41e010e0 T do_reco_message
41e010f8 T do_boot_to_ctp
41e01150 T do_read_mtk_image_blks
41e012f8 T do_ctp_check
41e01358 T do_read_image_blks
41e01554 T do_serious_image_check
41e01620 T do_invaild_env
41e01650 T do_filesize_check
41e01770 T do_image_check
41e017ec T do_uboot_check
41e01868 T input_value
41e018b0 T get_filetype
41e018f4 T do_download_setting
41e01ec4 T dram_init
41e01ee8 T board_init
41e01f0c T board_late_init
41e01f24 T ft_board_setup
41e01f28 T enable_caches
41e01f2c T board_eth_init
41e01f3c T gpt4_get_current_tick
41e01f4c T gpt4_timeout_tick
41e01f74 T gpt4_time2tick_us
41e01f90 T gpt_busy_wait_us
41e01fd0 T reset_timer_masked
41e02014 T get_timer_masked
41e020a0 T get_timer
41e020c0 T __udelay
41e020c4 T mtk_timer_init
41e020ec T uart_setbrg
41e021cc T mtk_uart_init
41e02200 T PutUARTByte
41e02238 T uart_getc
41e02260 T uart_puts
41e02280 T uart_tstc
41e02298 T pl01x_serial_initialize
41e022a4 T default_serial_console
41e022b0 T mtk_wdt_disable
41e022cc T mtk_arch_reset
41e0231c t delete_char.part.0
41e023ec T __show_boot_progress
41e023ec W show_boot_progress
41e023f0 T readline_into_buffer
41e025e4 T readline
41e025f8 T run_command
41e02600 T run_command_list
41e0265c T main_loop
41e02768 T do_run
41e027dc T find_cmd_tbl
41e02880 T find_cmd
41e028a8 T cmd_usage
41e02904 T _do_help
41e02a84 T cmd_get_data_size
41e02ae0 T cmd_process
41e02bd4 t dummy
41e02bd8 T get_version
41e02be0 T jumptable_init
41e02d70 T hash_command
41e02e10 t b_reset
41e02e2c t static_get
41e02e48 t static_peek
41e02e54 t file_peek
41e02e60 t mapset
41e02e80 t syntax_err
41e02e8c t free_pipe_list
41e02f74 t xmalloc
41e02f94 t new_pipe
41e02fbc t xrealloc
41e02fdc t done_command
41e03060 t done_pipe
41e030a8 t done_word
41e03350 t do_showvar
41e0344c t is_assignment
41e034a8 t file_get
41e03694 t b_addchr
41e0370c t b_addqchr
41e0375c T get_local_var
41e037fc T set_local_var
41e039a8 t insert_var_value_sub
41e03c68 T parse_string_outer
41e03d4c t run_list_real
41e044cc t parse_stream_outer
41e04b78 T parse_file_outer
41e04bbc T u_boot_hush_start
41e04c10 t hex1_bin
41e04c50 t hex2_bin
41e04c88 T srec_decode
41e04edc t CYGACC_COMM_IF_GETC_TIMEOUT.isra.0
41e04f38 t xyzModem_flush
41e04f54 t xyzModem_get_hdr
41e05184 T xyzModem_stream_open
41e053c0 T xyzModem_stream_read
41e05618 T xyzModem_stream_close
41e0566c T xyzModem_stream_terminate
41e05700 T xyzModem_error
41e05720 W do_go_exec
41e05730 t do_go
41e0579c t copy_args
41e057ec T do_bootd
41e05810 t image_info
41e05934 t do_bootm_rtems
41e05988 t do_bootm_plan9
41e05a40 t do_bootm_standalone
41e05aa4 t do_bootm_netbsd
41e05ba8 t do_iminfo
41e05c08 W arch_preboot_os
41e05c08 t __arch_preboot_os
41e05c0c t do_bootm_states.isra.20.constprop.22
41e06640 T do_bootm
41e0672c T bootm_maybe_autostart
41e067a4 T do_bootvx_fdt
41e068b0 t do_bootm_vxworks
41e068e8 t do_help
41e06930 t do_version
41e06968 T env_attr_walk
41e06a7c T env_attr_lookup
41e06c08 t clear_callback
41e06c18 t find_env_callback
41e06c80 t on_callbacks
41e06cc8 t set_callback
41e06d5c T env_callback_init
41e06e20 t skip_num
41e06e90 t clear_flags
41e06ea0 t on_flags
41e06ee8 T env_flags_parse_vartype
41e06f38 T env_flags_parse_varaccess
41e06f90 t set_flags
41e0703c T env_flags_init
41e07114 T env_flags_validate
41e07438 t init_mmc_for_env
41e0746c W mmc_get_env_addr
41e0747c T env_init
41e07498 T saveenv
41e07630 T env_relocate_spec
41e0770c T source
41e078d0 T do_source
41e07948 t print_num
41e07960 T do_bdinfo
41e07ad8 t bootmenu_print_entry
41e07b4c t bootmenu_destroy
41e07b90 t bootmenu_choice_entry
41e07dc8 t bootmenu_show
41e0816c T do_bootmenu
41e081b4 T menu_display_statusline
41e082b0 T menu_show
41e082c0 t do_coninfo
41e0837c t do_echo
41e0842c t do_exit
41e0845c T do_ext4_load
41e08474 T do_ext4_ls
41e0848c T do_fat_fsload
41e084a4 t do_fat_ls
41e084bc t do_fat_fsinfo
41e0854c t fdt_valid
41e08608 t is_printable_string
41e086a0 t print_data
41e08814 T set_working_fdt_addr
41e08830 t do_fdt
41e096e4 t write_cell
41e09734 t get_cells_len
41e0976c T fdt_find_and_setprop
41e097dc T fdt_initrd
41e099c8 T fdt_chosen
41e09ad4 T do_fixup_by_path
41e09b28 T fdt_fixup_memory_banks
41e09ce8 T fdt_fixup_memory
41e09d08 T fdt_fixup_ethernet
41e09e34 T fdt_resize
41e09f00 t evalexp
41e09f74 t evalstr
41e09fe0 t binary_test
41e0a190 t do_itest
41e0a228 t bin_data_init
41e0a254 t k_data_save
41e0a2a0 t k_data_restore
41e0a2ec t getcxmodem
41e0a30c t load_serial_ymodem
41e0a3e8 t bin_data_char
41e0a414 t chk1.constprop.1
41e0a440 t s1_sendpacket.constprop.2
41e0a490 t load_serial
41e0a67c t do_load_serial
41e0a758 t do_load_serial_bin
41e0af18 t do_mem_mw
41e0afd8 t do_mem_loop
41e0b0c4 t do_mem_md
41e0b1b0 t do_mem_cmp
41e0b31c t do_mem_base
41e0b35c t do_mem_cp
41e0b434 t do_mem_crc
41e0b47c t mod_mem.isra.2
41e0b5e0 t do_mem_mm
41e0b5e8 t do_mem_nm
41e0b5f0 t do_sleep
41e0b660 t do_mmcops
41e0b938 T do_mmc
41e0ba8c t do_mmcinfo
41e0bc0c t part_delall
41e0bc50 t memsize_parse
41e0bcd0 t mtd_part_info
41e0bd68 t memsize_format
41e0bdf8 t index_partitions
41e0beac t current_save
41e0bf68 t part_sort_add
41e0c084 t device_del
41e0c100 t generate_mtdparts_save.constprop.7
41e0c404 t device_delall.constprop.9
41e0c468 t mtd_devices_init
41e0c494 t get_mtd_info.constprop.10
41e0c50c t part_validate
41e0c86c T device_find
41e0c8b8 t device_parse
41e0ce18 T mtd_id_parse
41e0cf34 T find_dev_and_part
41e0d0e4 T mtdparts_init
41e0d738 t do_chpart
41e0d80c t do_mtdparts
41e0ddc8 t set_dev
41e0de38 t nand_print_and_set_info
41e0df04 t arg_off
41e0e00c t arg_off_size
41e0e158 t do_nand
41e0edac t nand_load_image
41e0efc8 t do_nandboot
41e0f220 t netboot_common
41e0f4e0 t do_bootp
41e0f4ec T do_tftpb
41e0f52c t do_ping
41e0f5a8 t do_false
41e0f5b0 t do_true
41e0f5b8 t do_test
41e0f8f4 t do_imgextract
41e0fca4 T menu_default_choice
41e0fcc0 T menu_default_set
41e0fd48 T menu_get_choice
41e0ff28 T menu_item_add
41e10000 T menu_create
41e10090 T menu_destroy
41e10104 t extract_val
41e1019c t extract_env
41e1026c t do_gpt
41e10680 t do_env_delete
41e1071c t do_env_save
41e10748 t do_env
41e107ac t env_print
41e1086c t do_env_print
41e10930 t do_env_import
41e10b74 t do_env_default
41e10c1c t _do_env_set.isra.0
41e10dd4 t do_env_set
41e10df0 T get_env_id
41e10e00 T setenv
41e10e58 T setenv_ulong
41e10e78 T setenv_hex
41e10eac t do_env_export
41e1110c T envmatch
41e11178 T getenv_f
41e11238 T getenv
41e112b0 T getenv_hex
41e112ec T getenv_ulong
41e1131c t do_env_edit
41e11394 W env_get_char_spec
41e11394 t __env_get_char_spec
41e113a0 T env_get_addr
41e113c0 T env_get_char_memory
41e113d0 T env_get_char
41e11400 T getenv_yesno
41e11440 T getenv_default
41e11470 T set_default_env
41e1152c T set_default_vars
41e11560 T env_import
41e1163c T env_relocate
41e1166c t console_setfile
41e11710 T serial_printf
41e11754 T fgetc
41e11778 T ftstc
41e1179c T getc
41e117c0 T tstc
41e117e4 T putc
41e11814 T puts
41e11844 T printf
41e11894 T vprintf
41e118d0 T ctrlc
41e11928 T had_ctrlc
41e11938 T clear_ctrlc
41e1194c T search_device
41e11974 T console_assign
41e119bc t on_console
41e11a7c T console_init_f
41e11a8c T stdio_print_current_devices
41e11b3c T console_init_r
41e11cbc T sbrk
41e11d2c T mem_malloc_init
41e11d60 T malloc_trim
41e11e2c T free
41e1205c T malloc
41e12664 T calloc
41e12738 T realloc
41e12bf8 T memalign
41e12d04 t on_loadaddr
41e12d3c T image_check_hcrc
41e12d88 T image_check_dcrc
41e12dc0 T image_multi_count
41e12ddc T image_multi_getimg
41e12e5c T getenv_bootm_low
41e12e8c T getenv_bootm_size
41e12ee8 T getenv_bootm_mapsize
41e12f18 T memmove_wd
41e12f24 T genimg_print_size
41e12f54 T get_table_entry_name
41e12f80 T genimg_get_os_name
41e12f98 T genimg_get_arch_name
41e12fb0 T genimg_get_type_name
41e12fc8 T genimg_get_comp_name
41e12fe0 T image_print_contents
41e13154 T get_table_entry_id
41e131a0 T genimg_get_os_id
41e131b8 T genimg_get_arch_id
41e131d0 T genimg_get_type_id
41e131e8 T genimg_get_comp_id
41e13200 T genimg_get_format
41e13234 T genimg_get_image
41e13238 T genimg_has_config
41e13248 T boot_get_ramdisk
41e13588 T boot_ramdisk_high
41e136b8 T image_setup_linux
41e13744 t fdt_error
41e13770 T boot_fdt_add_mem_rsv_regions
41e137f8 T boot_relocate_fdt
41e1398c T boot_get_fdt
41e13d24 W ft_verify_fdt
41e13d2c T image_setup_libfdt
41e13e10 T fit_parse_conf
41e13e74 T fit_parse_subimage
41e13ed8 T fit_get_desc
41e13f08 T fit_image_get_node
41e13f38 T fit_image_get_os
41e13f74 T fit_image_get_arch
41e13fb0 T fit_image_get_type
41e13fec T fit_image_get_comp
41e14028 T fit_image_get_load
41e14060 T fit_image_get_entry
41e14098 T fit_image_get_data
41e140d8 T fit_image_hash_get_algo
41e14108 T fit_image_hash_get_value
41e14148 t fit_image_print_data
41e14288 T fit_image_print
41e145bc T calculate_hash
41e14684 T fit_image_verify
41e1489c T fit_all_image_verify
41e14980 T fit_image_check_os
41e149b0 T fit_image_check_arch
41e149e0 T fit_image_check_type
41e14a10 T fit_image_check_comp
41e14a40 T fit_check_format
41e14a80 T fit_conf_get_node
41e14b20 T fit_conf_get_prop_node
41e14b4c T fit_conf_print
41e14c54 T fit_print_contents
41e14e30 T fit_image_select
41e14e9c T fit_get_node_from_config
41e14ee0 T fit_image_load
41e15378 W get_effective_memsize
41e15380 T stdio_get_list
41e1538c T stdio_get_by_name
41e153e8 T stdio_clone
41e15420 T stdio_register
41e1545c T stdio_init
41e154e8 t print_part_header
41e155bc T get_dev
41e1562c T dev_print
41e15830 T init_part
41e15864 T print_part
41e158c8 T get_partition_info
41e1590c T get_device
41e15990 T get_device_and_partition
41e15dd8 t get_partition_info_extended
41e160b8 t test_block_type
41e1613c t print_partition_extended
41e163b4 T test_part_dos
41e16418 T print_part_dos
41e1644c T get_partition_info_dos
41e16470 t print_efiname
41e164c8 t set_protective_mbr
41e16588 t uuid_string
41e165f4 t is_pte_valid
41e1664c t string_uuid
41e167b0 t is_gpt_valid.constprop.2
41e16bb8 T print_part_efi
41e16dd0 T get_partition_info_efi
41e16f78 T test_part_efi
41e1704c T write_gpt_table
41e17358 T gpt_fill_pte
41e175d8 T gpt_fill_header
41e17774 T gpt_restore
41e17868 t mtk_snand_dev_mac_trigger
41e17898 t mtk_snand_dev_mac_leave
41e178b0 t mtk_snand_status_ready
41e178e0 t mtk_snand_check_dececc_done
41e1791c t mtk_snand_read_fdm_data
41e1796c t mtk_snand_write_buf
41e179d8 t mtk_snand_write_page_hwecc
41e17a08 t mtk_nand_init_size
41e17a34 t mtk_snand_check_RW_count
41e17a9c t generic_ffs
41e17aec t mtk_snand_rs_if_require_split
41e17b18 t mtk_snand_rs_reconfig_nfiecc
41e17c4c t mtk_snand_ecc_config.isra.4
41e17cfc t mtk_snand_select_chip
41e17e48 t mtk_snand_gpio_config.part.17
41e17ea8 t mtk_snand_reset_con
41e17f2c t mtk_snand_stop_read
41e17fc4 t mtk_snand_dev_mac_enable.constprop.30
41e17fe0 t mtk_snand_dev_mac_op.constprop.29
41e17ff4 t mtk_snand_dev_command_ext.constprop.24
41e18090 t mtk_snand_read_byte
41e181d8 t mtk_snand_dev_ready
41e18290 t mtk_snand_dev_enable_spiq
41e18320 t mtk_snand_stop_write
41e183b4 t mtk_snand_dev_command
41e183d0 t mtk_snand_dev_program_execute
41e18410 t mtk_snand_dev_die_select.isra.1
41e184d8 t mtk_snand_ready_for_read.isra.7.constprop.26
41e186a8 t mtk_snand_ready_for_write.isra.9
41e188ac t mtk_snand_read_page_part2
41e18b68 T dump_nfi
41e18f24 t mtk_snand_dma_read_data.isra.14
41e19090 t mtk_snand_write_oob_raw
41e19314 t mtk_snand_write_oob
41e194c4 T mtk_snand_get_device_info
41e196a4 T mtk_snand_is_vendor_reserved_blocks
41e196f4 T mtk_nand_exec_read_page
41e19b1c t mtk_snand_read_page
41e19b98 t mtk_snand_read_page_hwecc
41e19bf0 t mtk_snand_verify_buf
41e19ccc t mtk_snand_read_buf
41e19dd8 T mtk_nand_exec_write_page
41e1a048 t mtk_snand_write_page
41e1a154 t mtk_snand_command_bp
41e1a37c T mtk_snand_dev_unlock_all_blocks
41e1a430 T mtk_snand_ecc_control
41e1a4d4 T mtk_snand_read_oob_raw
41e1a678 T mtk_nand_block_markbad_hw
41e1a6cc t mtk_snand_block_markbad
41e1a720 T mtk_snand_read_oob_hw
41e1a804 t mtk_snand_read_oob
41e1a864 T mtk_nand_block_bad_hw
41e1a908 t mtk_snand_block_bad
41e1a9f8 T mtk_snand_clk_setting
41e1aa30 T mtk_snand_reset
41e1aa7c T mtk_snand_reset_device
41e1ab30 T mtk_snand_dev_erase
41e1abb0 T mtk_nand_erase_hw
41e1ac74 t mtk_nand_erase
41e1ad30 T board_nand_init
41e1b20c t upload_bmt
41e1b3b4 t find_valid_block
41e1b480 T set_bad_index_to_oob
41e1b4a4 T update_bmt
41e1b678 T get_mapping_block_index
41e1b6cc T init_bmt
41e1bba4 T mtk_nor_read
41e1bd48 T mtk_nor_write
41e1be70 T mtk_nor_erase
41e1bfa8 t mtk_nor_command
41e1c3c0 t msdc_pin_set.isra.1
41e1ca0c T msdc_dump_card_status
41e1ca10 T msdc_set_smt
41e1cb38 T msdc_set_driving
41e1d690 T msdc_set_startbit
41e1d6e0 T msdc_set_smpl
41e1db18 T msdc_set_timeout
41e1dba4 T msdc_clr_fifo
41e1dbf4 T msdc_set_blklen
41e1dc04 T msdc_set_blknum
41e1dc10 T msdc_reset
41e1dc5c T msdc_abort
41e1dc90 T msdc_intr_wait
41e1dca8 T msdc_intr_unmask
41e1dcbc T msdc_send_cmd
41e1ded8 T msdc_wait_rsp
41e1e004 T msdc_pio_read_word
41e1e10c T msdc_pio_read
41e1e130 T msdc_pio_write_word
41e1e208 T msdc_pio_write
41e1e22c T msdc_config_clksrc
41e1e2cc T msdc_config_clock
41e1e57c T msdc_config_bus
41e1e5fc T msdc_config_pin
41e1e604 T msdc_power
41e1e618 T msdc_reset_tune_counter
41e1e624 T msdc_tune_cmdrsp
41e1e998 T msdc_cmd
41e1e9f0 T msdc_cmd_stop
41e1ea58 T msdc_abort_handler
41e1eb30 T msdc_pio_bread
41e1ec68 T msdc_pio_bwrite
41e1ed90 T msdc_tune_bread
41e1f1b0 T msdc_tune_read
41e1f564 T msdc_tune_bwrite
41e1f7fc T msdc_card_detect
41e1f8b0 T msdc_init
41e1fdcc t unstuff_bits
41e1fe0c t mmc_cmd
41e1fe3c t mmc_app_cmd
41e1feb0 t mmc_send_if_cond
41e1ff1c t mmc_send_app_op_cond
41e1ffa8 t mmc_send_op_cond
41e2003c t mmc_sd_switch.isra.1.constprop.7
41e20124 T mmc_dump_ext_csd
41e20168 T mmc_go_idle
41e201a0 T mmc_send_status
41e20200 T mmc_select_card
41e20244 T mmc_switch
41e202f4 T mmc_switch_hs
41e20338 T mmc_read_ext_csd
41e20578 T mmc_set_clock
41e20598 T mmc_set_card_detect
41e205dc T mmc_set_blk_length
41e20638 T mmc_set_bus_width
41e207b8 T mmc_dev_bread
41e208bc T mmc_block_read
41e20964 T mmc_block_write
41e20b14 T mmc_block_erase
41e20b70 T mmc_part_config
41e20bc0 T mmc_init_mem_card
41e217ac T mmc_init_card
41e21870 T mmc_init_host
41e21898 T __mmc_init
41e218d8 T mmc_info_helper
41e21984 T mmc_info_helper2
41e21a28 T msdc_uffs
41e21a78 T msdc_ntohl
41e21aa4 T msdc_get_field
41e21acc T __mmc_block_read
41e21ad0 T __mmc_block_write
41e21ad4 T __mmc_block_erase
41e21ad8 T mmc_get_dev
41e21af8 T mmc_legacy_init
41e21ba8 T get_mmc_num
41e21bb0 T find_mmc_device
41e21c04 T mmc_init
41e21d2c T mmc_getwp
41e21d34 T mmc_set_part_conf
41e21d40 T get_mtd_device_nm
41e21dac T mtd_erase
41e21e3c T mtd_read
41e21ef4 T mtd_write
41e21f90 T mtd_read_oob
41e21fb8 T mtd_block_isbad
41e22004 T mtd_block_markbad
41e22064 t part_erase
41e220d0 T mtd_erase_callback
41e22138 T nand_register
41e221c4 T nand_init
41e22284 t verify_bbt_descr
41e223c0 t scan_read_oob
41e2248c t check_pattern
41e22538 t create_bbt
41e22818 t scan_read
41e22870 t read_bbt
41e22a58 t read_abs_bbt
41e22b20 t write_bbt
41e2314c t search_bbt
41e232e4 T nand_update_bbt
41e23400 t mark_bbt_region
41e2356c T nand_scan_bbt
41e23a60 T nand_default_bbt
41e23b60 T nand_isbad_bbt
41e23bac t check_skip_len
41e23c6c T nand_erase_opts
41e23fec T nand_write_skip_bad
41e24230 T nand_read_skip_bad
41e2448c T nand_calculate_ecc
41e24580 T nand_correct_data
41e246a0 T nand_read_byte
41e246b4 t nand_read_byte16
41e246cc t nand_read_word
41e246e0 T nand_write_buf
41e2470c T nand_read_buf
41e24738 t nand_verify_buf
41e24778 T nand_write_buf16
41e247ac T nand_read_buf16
41e247e0 t nand_verify_buf16
41e2482c t nand_check_wp
41e2487c t nand_read_page_raw_syndrome
41e24950 t nand_read_page_swecc
41e24a78 t nand_read_subpage
41e24ce4 t nand_read_page_hwecc
41e24e2c t nand_read_page_hwecc_oob_first
41e24f64 t nand_read_page_syndrome
41e25088 t nand_read_oob_std
41e250c4 t nand_read_oob_syndrome
41e251c4 t nand_write_oob_std
41e25234 t nand_write_oob_syndrome
41e253c8 t nand_write_page_raw_syndrome
41e2549c t nand_write_page_swecc
41e25554 t nand_write_page_hwecc
41e25624 t nand_write_page_syndrome
41e25718 t single_erase_cmd
41e25754 t multi_erase_cmd
41e257dc t nand_onfi_set_features
41e25840 t nand_block_checkbad
41e258b8 t nand_block_isbad
41e258d4 t nand_block_markbad
41e25914 t nand_onfi_get_features
41e25980 t nand_wait
41e25a24 t nand_fill_oob
41e25b3c t nand_do_write_oob
41e25cb8 t nand_do_write_ops
41e25ff8 t sanitize_string
41e26030 t generic_ffs
41e26080 t nand_read_page_raw
41e260c4 t nand_write_page_raw
41e26108 t nand_write_page
41e26220 t nand_select_chip
41e26270 t nand_transfer_oob
41e26370 t nand_do_read_ops
41e266d8 T nand_release_device
41e266e8 t nand_block_bad
41e26888 t nand_sync
41e26898 t nand_write_oob
41e2693c t nand_read_oob
41e26c74 t nand_write
41e26cd8 t nand_read
41e26d3c T nand_wait_ready
41e26d88 t nand_command
41e26f54 t nand_command_lp
41e271ac T nand_get_device
41e271b8 T nand_erase_nand
41e2754c t nand_default_block_markbad
41e27710 t nand_erase
41e27718 T nand_scan_ident
41e28184 T nand_scan_tail
41e2873c T nand_scan
41e28760 t rt2880_eth_recv
41e2891c t rt2880_eth_send
41e28a54 T EswCntRead
41e291f8 T rdm_ioctl
41e2937c T START_ETH
41e293a8 T STOP_ETH
41e293d4 T rt2880_eth_halt
41e293d8 T rt2880_free_buf_entry_dequeue
41e29410 T rt2880_eth_initialize
41e29598 T isDMABusy
41e295cc t rt2880_eth_init
41e29a68 T __mii_mgr_read
41e29b4c T __mii_mgr_write
41e29c18 T mii_mgr_read
41e29ca8 T mii_mgr_write
41e29d10 T rt2880_mdio_access
41e2a0e8 t mt7531_reg_write
41e2a128 t mt7531_reg_read
41e2a174 t mt7531_mac_port_setup
41e2a368 t mt7531_mii_rw
41e2a404 T mt7531_mmd_read
41e2a44c T mt7531_mmd_write
41e2a498 T mt7531_sw_init
41e2a75c t get_current
41e2a79c W altera_jtag_serial_initialize
41e2a79c W altera_serial_initialize
41e2a79c W amirix_serial_initialize
41e2a79c W arc_serial_initialize
41e2a79c W arm_dcc_initialize
41e2a79c W asc_serial_initialize
41e2a79c W atmel_serial_initialize
41e2a79c W au1x00_serial_initialize
41e2a79c W bfin_jtag_initialize
41e2a79c W bfin_serial_initialize
41e2a79c W bmw_serial_initialize
41e2a79c W clps7111_serial_initialize
41e2a79c W cogent_serial_initialize
41e2a79c W cpci750_serial_initialize
41e2a79c W evb64260_serial_initialize
41e2a79c W imx_serial_initialize
41e2a79c W iop480_serial_initialize
41e2a79c W jz_serial_initialize
41e2a79c W ks8695_serial_initialize
41e2a79c W leon2_serial_initialize
41e2a79c W leon3_serial_initialize
41e2a79c W lh7a40x_serial_initialize
41e2a79c W lpc32xx_serial_initialize
41e2a79c W marvell_serial_initialize
41e2a79c W max3100_serial_initialize
41e2a79c W mcf_serial_initialize
41e2a79c W ml2_serial_initialize
41e2a79c W mpc512x_serial_initialize
41e2a79c W mpc5xx_serial_initialize
41e2a79c W mpc8260_scc_serial_initialize
41e2a79c W mpc8260_smc_serial_initialize
41e2a79c W mpc85xx_serial_initialize
41e2a79c W mpc8xx_serial_initialize
41e2a79c W mxc_serial_initialize
41e2a79c W mxs_auart_initialize
41e2a79c W ns16550_serial_initialize
41e2a79c W oc_serial_initialize
41e2a79c W p3mx_serial_initialize
41e2a79c W pxa_serial_initialize
41e2a79c W s3c24xx_serial_initialize
41e2a79c W s5p_serial_initialize
41e2a79c W sa1100_serial_initialize
41e2a79c W sandbox_serial_initialize
41e2a79c W sconsole_serial_initialize
41e2a79c W sh_serial_initialize
41e2a79c W uartlite_serial_initialize
41e2a79c W zynq_serial_initalize
41e2a79c t serial_null
41e2a7a0 T serial_register
41e2a7b8 T serial_stdio_init
41e2a840 T serial_assign
41e2a88c T serial_initialize
41e2a95c T serial_init
41e2a970 T serial_setbrg
41e2a984 t on_baudrate
41e2aa70 T serial_getc
41e2aa84 T serial_tstc
41e2aa98 T serial_putc
41e2aab4 T serial_puts
41e2aad0 t fs_probe_unsupported
41e2aae8 t fs_ls_unsupported
41e2aaf0 t fs_exists_unsupported
41e2aaf8 t fs_read_unsupported
41e2ab00 t fs_write_unsupported
41e2ab08 t fs_close_unsupported
41e2ab0c t fs_get_info
41e2ab40 t fs_close
41e2ab68 T fs_set_blk_dev
41e2ac20 T fs_ls
41e2ac5c T fs_exists
41e2ac90 T fs_read
41e2ad14 T do_load
41e2aed8 T do_ls
41e2af40 T file_exists
41e2af6c T get_fs
41e2af78 T ext4fs_free_node
41e2af98 T ext4fs_read_file
41e2b1f4 T ext4fs_ls
41e2b26c T ext4fs_exists
41e2b280 T ext4fs_read
41e2b2c0 T ext4fs_probe
41e2b2f0 T ext4_read_file
41e2b354 T ext4fs_read_inode
41e2b488 T read_allocated_block
41e2bdd4 T ext4fs_close
41e2bee4 T ext4fs_iterate_dir
41e2c15c t ext4fs_find_file1
41e2c3e8 T ext4fs_find_file
41e2c460 T ext4fs_open
41e2c4fc T ext4fs_mount
41e2c5c0 T ext4fs_set_blk_dev
41e2c62c T ext4fs_devread
41e2c884 T ext4_read_superblock
41e2c8c0 t downcase
41e2c8f0 t disk_read
41e2c954 t dirdelim
41e2c984 t get_fatent
41e2cad8 t mkcksum
41e2cb28 t get_cluster
41e2cc98 t get_name
41e2cd44 t read_bootsectandvi
41e2ce6c t slot2str
41e2cf28 t get_vfatname
41e2d0d4 T fat_set_blk_dev
41e2d1a0 T do_fat_read_at
41e2dc78 T do_fat_read
41e2dca4 T file_fat_detectfs
41e2ddec T file_fat_ls
41e2ddfc T fat_exists
41e2de28 T file_fat_read_at
41e2de74 T fat_read_file
41e2deb0 T fat_close
41e2deb4 t LzmaDec_WriteRem
41e2df4c t LzmaDec_DecodeReal2
41e2ec54 t LzmaDec_TryDummy
41e2f1f0 T LzmaDec_Init
41e2f218 T LzmaDec_DecodeToDic
41e2f58c T LzmaDec_FreeProbs
41e2f5b0 t LzmaDec_AllocateProbs2
41e2f624 T LzmaProps_Decode
41e2f6d0 T LzmaDec_AllocateProbs
41e2f714 T LzmaDecode
41e2f7d8 T __sys_lzma_malloc
41e2f7d8 W sys_lzma_malloc
41e2f7dc t SzAlloc
41e2f7e4 T __sys_lzma_free
41e2f7e4 W sys_lzma_free
41e2f7e8 t SzFree
41e2f7f0 T lzmaBuffToBuffDecompress
41e2f8cc T zcalloc
41e2f8d4 T zcfree
41e2f8dc T inflate_fast
41e2fe6c T inflate_table
41e303b4 T inflateReset
41e3042c T inflateInit2_
41e30530 T inflateEnd
41e30598 T adler32
41e308d0 T inflate
41e31dc0 T cyg_crc16
41e31e04 T gzalloc
41e31e14 T gzfree
41e31e1c T zunzip
41e31f40 T gunzip
41e31ff8 t lmb_add_region
41e3219c T lmb_init
41e321c4 T lmb_add
41e321c8 T lmb_free
41e322cc T lmb_reserve
41e322d4 T lmb_overlaps_region
41e3232c T __lmb_alloc_base
41e32434 T lmb_alloc_base
41e32468 T lmb_alloc
41e32470 T __board_lmb_reserve
41e32470 W board_lmb_reserve
41e32474 t byteReverse
41e324a8 t MD5Transform
41e32ed8 t MD5Update
41e32fb8 t MD5Final
41e33080 T md5_wd
41e330e8 T string_to_ip
41e33148 T qsort
41e33224 t sha1_process
41e346cc t sha1_update.part.0
41e34788 T sha1_starts
41e347d4 T sha1_update
41e347e0 T sha1_finish
41e34924 T sha1_csum_wd
41e34964 t cmpkey
41e34978 t _hdelete.isra.1
41e349c8 t drop_var_from_set.part.2
41e34a18 t match_string.isra.3
41e34a78 T hcreate_r
41e34b28 T hdestroy_r
41e34ba0 T hsearch_r
41e3507c T hdelete_r
41e35154 T hexport_r
41e35464 T himport_r
41e357b0 T hwalk_r
41e35808 T print_size
41e35938 T print_buffer
41e35aec T crc32_no_comp
41e35bc4 T crc32
41e35bd8 T crc32_wd
41e35bdc T __div64_32
41e35cac T hang
41e35cc8 T skip_spaces
41e35cf0 T strim
41e35d50 T strcpy
41e35d68 T strncpy
41e35d8c T strcat
41e35dbc T strncat
41e35e10 T strcmp
41e35e38 T strncmp
41e35e74 T strchr
41e35ea0 T strlen
41e35ec0 T strnlen
41e35eec T strdup
41e35f2c T strpbrk
41e35f68 T strsep
41e35fa0 T memset
41e35ffc T memcpy
41e36068 T memmove
41e360b0 T memcmp
41e360e0 T strstr
41e3614c T memchr
41e3617c T memchr_inv
41e362ac W timer_init
41e362b4 T udelay
41e362e4 T mdelay
41e36308 t put_dec_trunc
41e363dc t put_dec
41e36518 t string.isra.0
41e365ac t number.isra.4
41e367fc t vsnprintf_internal.isra.6
41e36df8 T simple_strtoul
41e36eb0 T strict_strtoul
41e36f28 T simple_strtol
41e36f50 T simple_strtoull
41e3702c T ustrtoull
41e370b4 T vsprintf
41e370b8 T sprintf
41e370e0 T panic
41e37124 T simple_itoa
41e37178 T fdt_check_header
41e371ec T fdt_offset_ptr
41e37238 T fdt_next_tag
41e37334 T _fdt_check_node_offset
41e37370 T _fdt_check_prop_offset
41e373ac T fdt_next_node
41e37464 T fdt_first_subnode
41e37498 T fdt_next_subnode
41e374e8 T _fdt_find_string
41e37544 T fdt_move
41e3758c t _nextprop
41e375e8 T fdt_string
41e375fc T fdt_get_mem_rsv
41e3765c T fdt_num_mem_rsv
41e37698 T fdt_subnode_offset_namelen
41e37768 T fdt_subnode_offset
41e37798 T fdt_get_name
41e3780c T fdt_first_property_offset
41e3782c T fdt_next_property_offset
41e3784c T fdt_get_property_by_offset
41e378a0 T fdt_get_property_namelen
41e37940 T fdt_get_property
41e3797c T fdt_getprop_namelen
41e3799c T fdt_getprop
41e379d8 T fdt_get_alias_namelen
41e37a20 T fdt_path_offset
41e37b0c T fdt_supernode_atdepth_offset
41e37bc4 T fdt_node_depth
41e37bec t _fdt_blocks_misordered
41e37c54 t _fdt_splice
41e37ccc t _fdt_splice_mem_rsv
41e37d24 t _fdt_splice_struct
41e37d70 t _fdt_packblocks
41e37e18 t _fdt_add_property
41e37f38 t _fdt_rw_check_header
41e37f98 T fdt_add_mem_rsv
41e38024 T fdt_del_mem_rsv
41e38080 T fdt_setprop
41e3814c T fdt_delprop
41e381b0 T fdt_add_subnode_namelen
41e382a0 T fdt_add_subnode
41e382d0 T fdt_del_node
41e38330 T fdt_open_into
41e384cc T fdt_strerror
41e38524 T _fdt_node_end_offset
41e38568 T ArpInit
41e385b8 T arp_raw_request
41e38678 T ArpRequest
41e386fc T ArpTimeoutCheck
41e3877c T ArpReceive
41e38978 t BootpHandler
41e38cd8 T BootpRequest
41e38ed0 t BootpTimeout
41e38f14 W cpu_eth_init
41e38f14 t __def_eth_init
41e38f1c t eth_current_changed
41e38f7c T eth_parse_enetaddr
41e38fd0 T eth_getenv_enetaddr
41e3902c T eth_setenv_enetaddr
41e39060 T eth_getenv_enetaddr_by_index
41e390b0 T eth_get_dev_by_index
41e390f0 T eth_get_dev_index
41e3910c T eth_write_hwaddr
41e392e4 T eth_register
41e39360 T eth_initialize
41e39528 T eth_halt
41e39558 T eth_send
41e39590 T eth_rx
41e395b4 T eth_try_another
41e39638 T eth_init
41e39708 T eth_set_current
41e397ac T eth_get_name
41e397cc t startAgainTimeout
41e397e0 t dummy_handler
41e397e4 t net_clear_handlers
41e39818 T net_auto_load
41e39850 T NetStartAgain
41e399a0 T net_set_udp_handler
41e399c0 T net_get_arp_handler
41e399d0 T NetSetTimeout
41e39a2c T NetCksum
41e39a5c T NetCksumOk
41e39a7c T NetReceive
41e39d00 T NetEthHdrSize
41e39d38 T NetSetEther
41e39dcc T net_update_ether
41e39e44 T net_set_ip_header
41e39ecc T net_set_udp_header
41e39f54 T NetSendUDPPacket
41e3a060 T copy_filename
41e3a0a4 t on_bootfile
41e3a0d0 T ip_to_string
41e3a108 T string_to_VLAN
41e3a14c T getenv_VLAN
41e3a15c t NetInitLoop
41e3a24c T net_init
41e3a2bc T NetLoop
41e3a5e0 t ping_timeout
41e3a5fc T ping_start
41e3a720 T ping_receive
41e3a808 t TftpSend
41e3a9d0 t TftpHandler
41e3ad48 t TftpTimeout
41e3add0 T TftpStart
41e3b10c T raise
41e3b128 T __udivsi3
41e3b128 t __aeabi_uidiv
41e3b144 t __aeabi_uidivmod
41e3b15c T __divsi3
41e3b15c t __aeabi_idiv
41e3b17c t __aeabi_idivmod
41e3b194 T __lshrdi3
41e3b194 t __aeabi_llsr
41e3b1b0 T __ashrdi3
41e3b1b0 t __aeabi_lasr
41e3b1cc T __ashldi3
41e3b1cc t __aeabi_llsl
41e3b1e8 t __aeabi_uldivmod
41e3b224 t __aeabi_idiv0
41e3b224 t __aeabi_ldiv0
41e3b234 T __gnu_ldivmod_helper
41e3b270 t __gnu_uldivmod_helper
41e3b2ac t __divdi3
41e3b67c t __udivdi3
41e3baa8 r CSWTCH.28
41e3bac8 r block_drvr
41e3bad8 r boot_os
41e3bb38 r crc_table
41e3bf38 r env_flags_varaccess_mask
41e3bf48 r fdt_errtable
41e3bf7c r gen_snand_FlashTable
41e3c818 r hclks_msdc30
41e3c838 r msdc_rsp
41e3c85c R nand_flash_ids
41e3d12c R op_adv
41e3d22c r op_table
41e3d294 r tacc_exp
41e3d2b4 r tacc_mant
41e3d2f4 r tran_exp
41e3d314 r uimage_arch
41e3d434 r uimage_comp
41e3d47c r uimage_os
41e3d4e8 r uimage_type
41e3d5cc r crc16_tab
41e3d7cc r dbase.7422
41e3d80c r dext.7423
41e3d84c r distfix
41e3d8cc r lbase.7420
41e3d90a r lenfix
41e3e10a r lext.7421
41e3e148 r order.7516
41e3e18f r CSWTCH.172
41e3e194 r CSWTCH.175
41e3e199 r CSWTCH.23
41e3e1af r __FUNCTION__.7293
41e3e1c6 r __FUNCTION__.7973
41e3e1d1 r __FUNCTION__.8017
41e3e1e2 r __FUNCTION__.8122
41e3e1f3 r __FUNCTION__.8376
41e3e205 r __FUNCTION__.8403
41e3e21e r __FUNCTION__.8452
41e3e236 r __FUNCTION__.8485
41e3e24f r __FUNCTION__.8631
41e3e264 r __FUNCTION__.8640
41e3e272 r __FUNCTION__.8753
41e3e284 r __FUNCTION__.8775
41e3e29b r __FUNCTION__.8795
41e3e2b3 r __FUNCTION__.8921
41e3e2c2 r __func__.7127
41e3e2d8 r __func__.7143
41e3e2eb r __func__.7158
41e3e302 r __func__.7217
41e3e314 r __func__.7222
41e3e323 r __func__.7234
41e3e33a r __func__.7244
41e3e341 r __func__.7245
41e3e354 r __func__.7252
41e3e364 r __func__.7263
41e3e36f r __func__.7304
41e3e37e r __func__.7312
41e3e38a r __func__.7333
41e3e397 r __func__.7341
41e3e3ae r __func__.7346
41e3e3bb r __func__.7381
41e3e3c3 r __func__.7381
41e3e3d2 r __func__.7399
41e3e3e2 r __func__.7432
41e3e3f0 r __func__.7466
41e3e3fe r __func__.7845
41e3e40b r __func__.7923
41e3e418 r __func__.7977
41e3e429 r __func__.8018
41e3e438 r __func__.8127
41e3e443 r __func__.8352
41e3e45d r __func__.8577
41e3e475 r __func__.8885
41e3e483 R _ctype
41e3e583 R default_environment
41e3f56a r delims.7131
41e3f56d r digits.7135
41e3f57d r env_flags_varaccess_rep
41e3f582 r env_flags_vartype_rep
41e3f589 r erase_seq
41e3f58d r hex_asc
41e3f59e r le.7199
41e3f5ae r names.7136
41e3f5b4 r nand_ecc_precalc_table
41e3f6b4 r sha1_padding
41e4b44e r tab_seq
41e4b457 r tran_mant
41e4b467 V version_string
41e4b4b4 D init_sequence
41e4b4e0 D ctp_load_addr
41e4b4e4 D g_brg
41e4b4e8 d mt7622_uart_drv
41e4b518 D g_uart
41e4b51c d reserved_list
41e4b5a0 d bootm_help_text
41e4ba70 d cmd_bootm_sub
41e4bb48 d first_call
41e4bb4c d first_call
41e4bb50 D env_name_spec
41e4bb54 d source_help_text
41e4bc00 d tabs.7286
41e4bc21 d fdt_help_text
41e4c243 d root.7203
41e4c248 d do_echo
41e4c24c d dp_last_length
41e4c250 d curr_device
41e4c254 d mtdparts_help_text
41e4c727 d nand_help_text
41e4cb0a d imgextract_help_text
41e4cbbc d env_help_text
41e4cdd4 d env_id
41e4cdd8 d cmd_env_sub
41e4ceb0 D env_htab
41e4cec0 d av_
41e4d2c8 d sbrk_base
41e4d2cc d trim_threshold
41e4d2d0 D load_addr
41e4d2d4 D stdio_names
41e4d2e0 d system_guid
41e4d2f0 D g_snand_cmd_status
41e4d2f4 D g_snand_rs_cur_part
41e4d2f8 D nand_oob_64
41e4de00 D nand_oob_128
41e4e908 D g_bHwEcc
41e4e90c D g_bmt_sz
41e4e910 d nand_oob_16
41e4f418 D mtk_nand_hw
41e4f438 D msdc_cap
41e4f468 D g_mtk_mmc_block
41e4f4dc D g_mtk_mmc_block_sd
41e4f550 D g_mtk_mmc_block_emmc
41e4f5c4 D nand_curr_device
41e4f5c8 d bbt_mirror_descr
41e4f5ec d bbt_main_no_oob_descr
41e4f610 d bbt_pattern
41e4f614 d scan_agand_pattern
41e4f61c d bbt_mirror_no_oob_descr
41e4f640 d mirror_pattern
41e4f644 d scan_ff_pattern
41e4f648 d bbt_main_descr
41e4f66c d agand_flashbased
41e4f690 d nand_oob_8
41e50198 d nand_oob_16
41e50ca0 d nand_oob_128
41e517a8 d nand_oob_64
41e522b0 d fstypes
41e52310 D ext4fs_indir3_blkno
41e52314 D ext4fs_indir1_blkno
41e52318 D ext4fs_indir2_blkno
41e5231c D NetOurNativeVLAN
41e52320 d first_call.7314
41e52324 D NetBcastAddr
41e5232a D NetOurVLAN
41e5232c d TftpTimeoutCountMax
41e52330 D TftpRRQTimeoutCountMax
41e52334 d TftpBlkSizeOption
41e52338 d TftpTimeoutMSecs
41e5233c d TftpBlkSize
41e5234c D _u_boot_list_2_cmd_2_backup_message
41e5234c d start.7024
41e5234c d start.7028
41e5234c d start.7073
41e5234c d start.7077
41e52364 D _u_boot_list_2_cmd_2_base
41e5237c D _u_boot_list_2_cmd_2_bdinfo
41e52394 D _u_boot_list_2_cmd_2_boot
41e523ac D _u_boot_list_2_cmd_2_boot_to_ctp
41e523c4 D _u_boot_list_2_cmd_2_bootd
41e523dc D _u_boot_list_2_cmd_2_bootm
41e523f4 D _u_boot_list_2_cmd_2_bootmenu
41e5240c D _u_boot_list_2_cmd_2_bootp
41e52424 D _u_boot_list_2_cmd_2_chpart
41e5243c D _u_boot_list_2_cmd_2_cmp
41e52454 D _u_boot_list_2_cmd_2_coninfo
41e5246c D _u_boot_list_2_cmd_2_cp
41e52484 D _u_boot_list_2_cmd_2_crc32
41e5249c D _u_boot_list_2_cmd_2_ctp_check
41e524b4 D _u_boot_list_2_cmd_2_download_setting
41e524cc D _u_boot_list_2_cmd_2_echo
41e524e4 D _u_boot_list_2_cmd_2_editenv
41e524fc D _u_boot_list_2_cmd_2_env
41e52514 D _u_boot_list_2_cmd_2_esw_read
41e5252c D _u_boot_list_2_cmd_2_exit
41e52544 D _u_boot_list_2_cmd_2_ext4load
41e5255c D _u_boot_list_2_cmd_2_ext4ls
41e52574 D _u_boot_list_2_cmd_2_false
41e5258c D _u_boot_list_2_cmd_2_fatinfo
41e525a4 D _u_boot_list_2_cmd_2_fatload
41e525bc D _u_boot_list_2_cmd_2_fatls
41e525d4 D _u_boot_list_2_cmd_2_fdt
41e525ec D _u_boot_list_2_cmd_2_filesize_check
41e52604 D _u_boot_list_2_cmd_2_go
41e5261c D _u_boot_list_2_cmd_2_gpt
41e52634 D _u_boot_list_2_cmd_2_help
41e5264c D _u_boot_list_2_cmd_2_image_blks
41e52664 D _u_boot_list_2_cmd_2_image_check
41e5267c D _u_boot_list_2_cmd_2_iminfo
41e52694 D _u_boot_list_2_cmd_2_imxtract
41e526ac D _u_boot_list_2_cmd_2_invaild_env
41e526c4 D _u_boot_list_2_cmd_2_itest
41e526dc D _u_boot_list_2_cmd_2_loadb
41e526f4 D _u_boot_list_2_cmd_2_loads
41e5270c D _u_boot_list_2_cmd_2_loadx
41e52724 D _u_boot_list_2_cmd_2_loady
41e5273c D _u_boot_list_2_cmd_2_loop
41e52754 D _u_boot_list_2_cmd_2_md
41e5276c D _u_boot_list_2_cmd_2_mdio
41e52784 D _u_boot_list_2_cmd_2_mm
41e5279c D _u_boot_list_2_cmd_2_mmc
41e527b4 D _u_boot_list_2_cmd_2_mmc2
41e527cc D _u_boot_list_2_cmd_2_mmcinfo
41e527e4 D _u_boot_list_2_cmd_2_mtdparts
41e527fc D _u_boot_list_2_cmd_2_mtk_image_blks
41e52814 D _u_boot_list_2_cmd_2_mw
41e5282c D _u_boot_list_2_cmd_2_nand
41e52844 D _u_boot_list_2_cmd_2_nboot
41e5285c D _u_boot_list_2_cmd_2_nm
41e52874 D _u_boot_list_2_cmd_2_ping
41e5288c D _u_boot_list_2_cmd_2_printenv
41e528a4 D _u_boot_list_2_cmd_2_question_mark
41e528bc D _u_boot_list_2_cmd_2_reco_message
41e528d4 D _u_boot_list_2_cmd_2_reg
41e528ec D _u_boot_list_2_cmd_2_reset
41e52904 D _u_boot_list_2_cmd_2_run
41e5291c D _u_boot_list_2_cmd_2_saveenv
41e52934 D _u_boot_list_2_cmd_2_serious_image_check
41e5294c D _u_boot_list_2_cmd_2_setenv
41e52964 D _u_boot_list_2_cmd_2_showvar
41e5297c D _u_boot_list_2_cmd_2_sleep
41e52994 D _u_boot_list_2_cmd_2_snor
41e529ac D _u_boot_list_2_cmd_2_source
41e529c4 D _u_boot_list_2_cmd_2_test
41e529dc D _u_boot_list_2_cmd_2_tftpboot
41e529f4 D _u_boot_list_2_cmd_2_true
41e52a0c D _u_boot_list_2_cmd_2_uboot_check
41e52a24 D _u_boot_list_2_cmd_2_version
41e52a3c D _u_boot_list_2_env_clbk_2_baudrate
41e52a3c d end.7031
41e52a3c d end.7080
41e52a3c d start.7167
41e52a3c d start.7174
41e52a44 D _u_boot_list_2_env_clbk_2_bootfile
41e52a4c D _u_boot_list_2_env_clbk_2_callbacks
41e52a54 D _u_boot_list_2_env_clbk_2_console
41e52a5c D _u_boot_list_2_env_clbk_2_flags
41e52a64 D _u_boot_list_2_env_clbk_2_loadaddr
41e52a6c B __bss_base
41e52a6c B __bss_start
41e52a6c B monitor_flash_len
41e52a6c D __image_copy_end
41e52a6c D __rel_dyn_start
41e52a6c d end.7170
41e52a70 b params
41e52a74 b timestamp
41e52a78 b lastinc
41e52a7c B console_buffer
41e52e80 b flag_repeat
41e52e84 b buf.7484
41e52eac b ifs
41e52eb0 b last_return_code
41e52eb4 b map
41e52fb4 b the_command.7284
41e533b4 b do_repeat
41e533b8 b top_vars
41e533bc b xyz
41e537f0 B images
41e53948 b callback_list
41e5394c b flags_list
41e53950 B working_fdt
41e53954 b data.7177
41e53d54 b send_parms
41e53d68 b os_data_init
41e53d6c b os_data_addr_saved
41e53d70 b his_pad_char
41e53d71 b a_b
41e53d8c b os_data_char
41e53d90 b os_data_state
41e53d94 b k_data_escape
41e53d98 b os_data_state_saved
41e53d9c b os_data_addr
41e53da0 b send_ptr
41e53da4 b bin_start_address
41e53da8 b his_quote
41e53dac b his_pad_count
41e53db0 b his_eol
41e53db4 b k_data_escape_saved
41e53db8 b dp_last_addr
41e53dbc b base_address
41e53dc0 b mm_last_size
41e53dc4 b mm_last_addr
41e53dc8 b dp_last_size
41e53dcc b last_ids
41e53e4c B current_mtd_dev
41e53e50 b last_partition
41e53e60 b last_parts
41e54060 b initialized.8316
41e54064 B current_mtd_partnum
41e54068 b mtdids
41e54070 b devices
41e54078 b last.8056
41e54080 b ctrlc_was_pressed
41e54084 b ctrlc_disabled
41e54088 b max_total_mem
41e5408c B mem_malloc_brk
41e54090 b max_sbrked_mem
41e54094 b current_mallinfo
41e540bc B mem_malloc_end
41e540c0 b top_pad
41e540c4 B mem_malloc_start
41e540c8 b devs
41e54104 B stdio_devices
41e54110 b name.7189
41e54140 B g_snand_temp
41e551c0 B host
41e551c4 B g_snand_id_data_idx
41e55200 b local_buffer
41e56300 B devinfo
41e5634c b g_kCMD
41e563dc b g_block_size
41e563e0 B manu_id
41e56400 B g_snand_spare
41e56480 B g_bInitDone
41e56484 B g_snand_rs_ecc_bit_second_part
41e56488 b local_oob_buf
41e56708 B SNFI_GPIO_BACKUP
41e56714 b g_page_size
41e56718 B g_snand_rs_num_page
41e5671c b local_buffer_16_align
41e56720 b g_running_dma
41e56724 B g_snand_spare_per_sector
41e56728 b g_value
41e5672c B dev_id
41e56730 B g_snand_id_data
41e56740 b fdm_buf
41e56780 B g_snand_rs_spare_per_sector_second_part_nfi
41e56784 B g_snand_read_byte_mode
41e56788 B dummy_driver_debug
41e5678c B g_snand_dev_status
41e56790 B gacBuf
41e57810 b bmt_ready
41e57814 b bmtd
41e57834 b mtd_bmt
41e57838 b loop.8007
41e5783c b nand_bbt_buf
41e57840 b nand_data_buf
41e57844 b nand_spare_buf
41e57848 b sh
41e57880 b nor_dma_buf
41e58880 b msdc_priv
41e58980 b sd_card
41e58f40 b sd_host
41e59018 b mtk_mmc
41e59190 B is_mtk_init
41e59194 b mtk_mmc_data_priv
41e59198 B mtd_table
41e59218 B nand_info
41e592c8 b nand_chip
41e59500 b total_nand_size
41e59504 b dev_name
41e5950c B RxPktBuf
41e5a1e4 R __rel_dyn_end
41e5a1e4 r _image_binary_end
41e6fd0c b rx_desc_threshold
41e6fd10 b tx_cpu_owner_idx0
41e6fd14 b rx_wants_alloc_idx0
41e6fd18 B register_control
41e6fd1c b rt2880_free_buf
41e6ffec B rt2880_busing_buf_list
41e70000 b tx_ring0_cache
41e70080 b rx_ring_cache
41e70100 b rx_ring
41e70104 B rt2880_free_buf_list
41e7010c B PKT_HEADER_Buf
41e70110 b rxRingSize
41e70114 b rx_desc_cnt
41e70118 b rx_dma_owner_idx0
41e7011c b tx_ring0
41e70120 b txRingSize
41e70121 b PKT_HEADER_Buf_Pool
41e86964 b rt2880_eth_initd
41e86968 b serial_devices
41e8696c b serial_current
41e86970 b fs_partition
41e869e8 b fs_type
41e869ec b fs_dev_desc
41e869f0 B ext_fs
41e86a38 B ext4fs_indir3_block
41e86a3c B ext4fs_root
41e86a40 B ext4fs_indir3_size
41e86a44 B ext4fs_indir1_block
41e86a48 B ext4fs_indir2_size
41e86a4c B ext4fs_indir2_block
41e86a50 B ext4fs_indir1_size
41e86a54 b symlinknest
41e86a58 B ext4fs_file
41e86a5c b part_info
41e86a60 b ext4fs_block_dev_desc
41e86a64 B part_offset
41e86a80 B do_fat_read_at_block
41e96a80 B get_dentfromdir_block
41ea6a80 b cur_part_info
41ea6b00 B get_contents_vfatname_block
41eb6b00 b cur_dev
41eb6b04 B errno
41eb6b08 b local.7314
41eb6b20 B NetArpWaitPacketIP
41eb6b24 B NetArpWaitTimerStart
41eb6b28 b NetArpWaitReplyIP
41eb6b2c B NetArpWaitTxPacketSize
41eb6b30 B NetArpWaitTry
41eb6b34 b NetArpTxPacket
41eb6b38 b NetArpPacketBuf
41eb7178 B NetArpWaitPacketMAC
41eb717c B BootpTry
41eb7180 B BootpID
41eb7184 b first_failed.7586
41eb7188 b index.7539
41eb718c B eth_current
41eb7190 b act.7591
41eb7194 b eth_devices
41eb7198 b env_changed_id.7592
41eb719c B NetOurEther
41eb71a4 B NetServerIP
41eb71a8 b NetRestarted
41eb71ac B NetUipLoop
41eb71b0 B net_state
41eb71b4 b arp_packet_handler
41eb71b8 B NetEtherNullAddr
41eb71c0 B NetRxPacket
41eb71c4 b udp_packet_handler
41eb71c8 B NetRxPackets
41eb72b8 b NetDevExists
41eb72bc b timeStart
41eb72c0 b timeHandler
41eb72c4 b NetTryCount
41eb72c8 B NetOurNISDomain
41eb72e8 B NetOurDNSIP
41eb72ec B NetOurSubnetMask
41eb72f0 B NetTxPacket
41eb72f4 B NetBootFileXferSize
41eb72f8 B NetOurIP
41eb72fc B NetIPID
41eb7300 B NetBootFileSize
41eb7304 B NetOurGatewayIP
41eb7308 b env_changed_id.7303
41eb730c B NetOurHostName
41eb732c B NetRestartWrap
41eb7330 B NetRxPacketLen
41eb7334 B BootFile
41eb73b4 b timeDelta
41eb73b8 B NetServerEther
41eb73be b PktBuf
41ece1fe B NetOurRootPath
41ece240 B NetPingIP
41ece244 b PingSeqNo
41ece248 b time_start
41ece24c b TftpTimeoutCount
41ece250 b TftpBlockWrap
41ece254 b TftpBlock
41ece258 b TftpOurPort
41ece25c b TftpRemoteIP
41ece260 b TftpState
41ece264 b TftpRemotePort
41ece268 b default_filename
41ece275 b tftp_filename
41ece2f8 b TftpBlockWrapOffset
41ece2fc b TftpLastBlock
41ece300 B __bss_end
41ece300 B __bss_limit
