Archive member included because of file (symbol)

/home/phong/workspace/BPI-R64-bsp-4.19/toolchains/buildroot-gcc492_arm/usr/bin/../lib/gcc/arm-buildroot-linux-uclibcgnueabi/4.9.2/libgcc.a(_udivsi3.o)
                              board/mediatek/common/built-in.o (__aeabi_uidiv)
/home/phong/workspace/BPI-R64-bsp-4.19/toolchains/buildroot-gcc492_arm/usr/bin/../lib/gcc/arm-buildroot-linux-uclibcgnueabi/4.9.2/libgcc.a(_divsi3.o)
                              common/built-in.o (__aeabi_idiv)
/home/phong/workspace/BPI-R64-bsp-4.19/toolchains/buildroot-gcc492_arm/usr/bin/../lib/gcc/arm-buildroot-linux-uclibcgnueabi/4.9.2/libgcc.a(_lshrdi3.o)
                              common/built-in.o (__aeabi_llsr)
/home/phong/workspace/BPI-R64-bsp-4.19/toolchains/buildroot-gcc492_arm/usr/bin/../lib/gcc/arm-buildroot-linux-uclibcgnueabi/4.9.2/libgcc.a(_ashrdi3.o)
                              drivers/built-in.o (__aeabi_lasr)
/home/phong/workspace/BPI-R64-bsp-4.19/toolchains/buildroot-gcc492_arm/usr/bin/../lib/gcc/arm-buildroot-linux-uclibcgnueabi/4.9.2/libgcc.a(_ashldi3.o)
                              drivers/built-in.o (__aeabi_llsl)
/home/phong/workspace/BPI-R64-bsp-4.19/toolchains/buildroot-gcc492_arm/usr/bin/../lib/gcc/arm-buildroot-linux-uclibcgnueabi/4.9.2/libgcc.a(_aeabi_uldivmod.o)
                              drivers/built-in.o (__aeabi_uldivmod)
/home/phong/workspace/BPI-R64-bsp-4.19/toolchains/buildroot-gcc492_arm/usr/bin/../lib/gcc/arm-buildroot-linux-uclibcgnueabi/4.9.2/libgcc.a(_dvmd_lnx.o)
                              /home/phong/workspace/BPI-R64-bsp-4.19/toolchains/buildroot-gcc492_arm/usr/bin/../lib/gcc/arm-buildroot-linux-uclibcgnueabi/4.9.2/libgcc.a(_udivsi3.o) (__aeabi_idiv0)
/home/phong/workspace/BPI-R64-bsp-4.19/toolchains/buildroot-gcc492_arm/usr/bin/../lib/gcc/arm-buildroot-linux-uclibcgnueabi/4.9.2/libgcc.a(bpabi.o)
                              /home/phong/workspace/BPI-R64-bsp-4.19/toolchains/buildroot-gcc492_arm/usr/bin/../lib/gcc/arm-buildroot-linux-uclibcgnueabi/4.9.2/libgcc.a(_aeabi_uldivmod.o) (__gnu_uldivmod_helper)
/home/phong/workspace/BPI-R64-bsp-4.19/toolchains/buildroot-gcc492_arm/usr/bin/../lib/gcc/arm-buildroot-linux-uclibcgnueabi/4.9.2/libgcc.a(_divdi3.o)
                              /home/phong/workspace/BPI-R64-bsp-4.19/toolchains/buildroot-gcc492_arm/usr/bin/../lib/gcc/arm-buildroot-linux-uclibcgnueabi/4.9.2/libgcc.a(bpabi.o) (__divdi3)
/home/phong/workspace/BPI-R64-bsp-4.19/toolchains/buildroot-gcc492_arm/usr/bin/../lib/gcc/arm-buildroot-linux-uclibcgnueabi/4.9.2/libgcc.a(_udivdi3.o)
                              /home/phong/workspace/BPI-R64-bsp-4.19/toolchains/buildroot-gcc492_arm/usr/bin/../lib/gcc/arm-buildroot-linux-uclibcgnueabi/4.9.2/libgcc.a(bpabi.o) (__udivdi3)

Discarded input sections

 .data          0x0000000000000000        0x0 arch/arm/cpu/armv7/start.o
 .bss           0x0000000000000000        0x0 arch/arm/cpu/armv7/start.o
 .text          0x0000000000000000        0x0 arch/arm/cpu/armv7/built-in.o
 .text.mmu_page_table_flush
                0x0000000000000000       0x24 arch/arm/cpu/armv7/built-in.o
 .text.sdelay   0x0000000000000000        0xc arch/arm/cpu/armv7/built-in.o
 .text.sr32     0x0000000000000000       0x20 arch/arm/cpu/armv7/built-in.o
 .text.wait_on_value
                0x0000000000000000       0x34 arch/arm/cpu/armv7/built-in.o
 .data          0x0000000000000000        0x0 arch/arm/cpu/armv7/built-in.o
 .bss           0x0000000000000000        0x0 arch/arm/cpu/armv7/built-in.o
 .data          0x0000000000000000        0x0 arch/arm/cpu/armv7/mt7622/built-in.o
 .bss           0x0000000000000000        0x0 arch/arm/cpu/armv7/mt7622/built-in.o
 .text.__arch_cpu_init
                0x0000000000000000        0x8 arch/arm/lib/built-in.o
 .text.__red_led_off
                0x0000000000000000        0x4 arch/arm/lib/built-in.o
 .text.__green_led_on
                0x0000000000000000        0x4 arch/arm/lib/built-in.o
 .text.__green_led_off
                0x0000000000000000        0x4 arch/arm/lib/built-in.o
 .text.__yellow_led_on
                0x0000000000000000        0x4 arch/arm/lib/built-in.o
 .text.__yellow_led_off
                0x0000000000000000        0x4 arch/arm/lib/built-in.o
 .text.__blue_led_on
                0x0000000000000000        0x4 arch/arm/lib/built-in.o
 .text.__blue_led_off
                0x0000000000000000        0x4 arch/arm/lib/built-in.o
 .text.__flush_cache
                0x0000000000000000        0x4 arch/arm/lib/built-in.o
 .text.__flush_dcache_all
                0x0000000000000000        0xc arch/arm/lib/built-in.o
 .text.__enable_caches
                0x0000000000000000        0xc arch/arm/lib/built-in.o
 .text.__arm_init_before_mmu
                0x0000000000000000        0x4 arch/arm/lib/built-in.o
 .text.__mmu_page_table_flush
                0x0000000000000000        0x4 arch/arm/lib/built-in.o
 .text.mmu_set_region_dcache_behaviour
                0x0000000000000000       0x50 arch/arm/lib/built-in.o
[...]
Memory Configuration

Name             Origin             Length             Attributes
*default*        0x0000000000000000 0xffffffffffffffff

Linker script and memory map

Address of section .text set to 0x41e00000
                0x0000000000000000                . = 0x0
                0x0000000000000000                . = ALIGN (0x4)

.text           0x0000000041e00000    0x3b9f0
 *(.__image_copy_start)
 .__image_copy_start
                0x0000000041e00000        0x0 arch/arm/lib/built-in.o
                0x0000000041e00000                __image_copy_start
 arch/arm/cpu/armv7/start.o(.text*)
 .text          0x0000000041e00000      0x380 arch/arm/cpu/armv7/start.o
                0x0000000041e00000                _start
                0x0000000041e00020                _undefined_instruction
                0x0000000041e00024                _software_interrupt
                0x0000000041e00028                _prefetch_abort
                0x0000000041e0002c                _data_abort
                0x0000000041e00030                _not_used
                0x0000000041e00034                _irq
                0x0000000041e00038                _fiq
                0x0000000041e00040                _end_vect
                0x0000000041e00040                IRQ_STACK_START_IN
                0x0000000041e00084                c_runtime_cpu_setup
                0x0000000041e0009c                save_boot_params
                0x0000000041e000a0                cpu_init_cp15
                0x0000000041e000d8                cpu_init_crit
 *(.text*)
 .text.v7_maint_dcache_all
                0x0000000041e00380       0xd0 arch/arm/cpu/armv7/built-in.o
 .text.invalidate_icache_all
                0x0000000041e00450       0x18 arch/arm/cpu/armv7/built-in.o
                0x0000000041e00450                invalidate_icache_all
 .text.__v7_outer_cache_enable
                0x0000000041e00468        0x4 arch/arm/cpu/armv7/built-in.o
                0x0000000041e00468                __v7_outer_cache_enable
                0x0000000041e00468                v7_outer_cache_enable
 .text.__v7_outer_cache_disable
                0x0000000041e0046c        0x4 arch/arm/cpu/armv7/built-in.o
                0x0000000041e0046c                v7_outer_cache_disable
                0x0000000041e0046c                __v7_outer_cache_disable
 .text.__v7_outer_cache_flush_all
                0x0000000041e00470        0x4 arch/arm/cpu/armv7/built-in.o
                0x0000000041e00470                __v7_outer_cache_flush_all
                0x0000000041e00470                v7_outer_cache_flush_all
 .text.flush_dcache_all
                0x0000000041e00474       0x14 arch/arm/cpu/armv7/built-in.o
                0x0000000041e00474                flush_dcache_all
 .text.__v7_outer_cache_inval_all
                0x0000000041e00488        0x4 arch/arm/cpu/armv7/built-in.o
                0x0000000041e00488                v7_outer_cache_inval_all
                0x0000000041e00488                __v7_outer_cache_inval_all
 .text.invalidate_dcache_all
                0x0000000041e0048c       0x14 arch/arm/cpu/armv7/built-in.o
                0x0000000041e0048c                invalidate_dcache_all
 .text.arm_init_before_mmu
                0x0000000041e004a0       0x28 arch/arm/cpu/armv7/built-in.o
                0x0000000041e004a0                arm_init_before_mmu
 .text.__v7_outer_cache_flush_range
                0x0000000041e004c8        0x4 arch/arm/cpu/armv7/built-in.o
                0x0000000041e004c8                v7_outer_cache_flush_range
                0x0000000041e004c8                __v7_outer_cache_flush_range
 .text.flush_dcache_range
                0x0000000041e004cc       0x3c arch/arm/cpu/armv7/built-in.o
                0x0000000041e004cc                flush_dcache_range
 .text.flush_cache
                0x0000000041e00508        0x8 arch/arm/cpu/armv7/built-in.o
                0x0000000041e00508                flush_cache
 .text.__v7_outer_cache_inval_range
                0x0000000041e00510        0x4 arch/arm/cpu/armv7/built-in.o
                0x0000000041e00510                __v7_outer_cache_inval_range
                0x0000000041e00510                v7_outer_cache_inval_range
 .text.invalidate_dcache_range
                0x0000000041e00514       0xac arch/arm/cpu/armv7/built-in.o
                0x0000000041e00514                invalidate_dcache_range
 .text.cpu_cache_initialization
                0x0000000041e005c0        0x4 arch/arm/cpu/armv7/built-in.o
                0x0000000041e005c0                cpu_cache_initialization
 .text.cleanup_before_linux
                0x0000000041e005c4       0x28 arch/arm/cpu/armv7/built-in.o
                0x0000000041e005c4                cleanup_before_linux
 .text          0x0000000041e005ec       0x2c arch/arm/cpu/armv7/mt7622/built-in.o
                0x0000000041e005ec                lowlevel_init
                0x0000000041e005fc                jumparch64_smc
 .text.arch_cpu_init
                0x0000000041e00618       0x10 arch/arm/cpu/armv7/mt7622/built-in.o
                0x0000000041e00618                arch_cpu_init
 .text.reset_cpu
                0x0000000041e00628        0x8 arch/arm/cpu/armv7/mt7622/built-in.o
                0x0000000041e00628                reset_cpu
 .text          0x0000000041e00630       0xe8 arch/arm/lib/built-in.o
                0x0000000041e00630                _main
                0x0000000041e006b4                relocate_code
 .text.print_cpuinfo
                0x0000000041e00718        0x8 arch/arm/lib/built-in.o
 .text.display_banner
                0x0000000041e00720       0x20 arch/arm/lib/built-in.o
 .text.init_baudrate
                0x0000000041e00740       0x2c arch/arm/lib/built-in.o
 .text.mark_bootstage
                0x0000000041e0076c       0x14 arch/arm/lib/built-in.o
 .text.__coloured_LED_init
                0x0000000041e00780        0x4 arch/arm/lib/built-in.o
                0x0000000041e00780                coloured_LED_init
                0x0000000041e00780                __coloured_LED_init
 .text.__red_led_on
                0x0000000041e00784        0x4 arch/arm/lib/built-in.o
                0x0000000041e00784                __red_led_on
                0x0000000041e00784                red_led_on
 .text.__dram_init_banksize
                0x0000000041e00788       0x1c arch/arm/lib/built-in.o
                0x0000000041e00788                __dram_init_banksize
                0x0000000041e00788                dram_init_banksize
 .text.__power_init_board
                0x0000000041e007a4        0x8 arch/arm/lib/built-in.o
                0x0000000041e007a4                __power_init_board
                0x0000000041e007a4                power_init_board
 .text.board_init_f
                0x0000000041e007ac      0x130 arch/arm/lib/built-in.o
                0x0000000041e007ac                board_init_f
 .text.config_shared_SRAM_size
                0x0000000041e008dc       0x44 arch/arm/lib/built-in.o
                0x0000000041e008dc                config_shared_SRAM_size
 .text.board_init_r
                0x0000000041e00920      0x10c arch/arm/lib/built-in.o
                0x0000000041e00920                board_init_r
 .text.arch_fixup_memory_node
                0x0000000041e00a2c       0x3c arch/arm/lib/built-in.o
                0x0000000041e00a2c                arch_fixup_memory_node
 .text.boot_jump_linux.isra.5
                0x0000000041e00a68       0x3c arch/arm/lib/built-in.o
 .text.arch_lmb_reserve
                0x0000000041e00aa4       0x24 arch/arm/lib/built-in.o
                0x0000000041e00aa4                arch_lmb_reserve
 .text.setup_board_tags
                0x0000000041e00ac8        0x4 arch/arm/lib/built-in.o
                0x0000000041e00ac8                setup_board_tags
 .text.boot_prep_linux
                0x0000000041e00acc      0x178 arch/arm/lib/built-in.o
 .text.do_bootm_linux
                0x0000000041e00c44       0x54 arch/arm/lib/built-in.o
                0x0000000041e00c44                do_bootm_linux
 .text.boot_prep_vxworks
                0x0000000041e00c98       0x50 arch/arm/lib/built-in.o
                0x0000000041e00c98                boot_prep_vxworks
 .text.boot_jump_vxworks
                0x0000000041e00ce8        0xc arch/arm/lib/built-in.o
                0x0000000041e00ce8                boot_jump_vxworks
 .text.interrupt_init
                0x0000000041e00cf4       0x1c arch/arm/lib/built-in.o
                0x0000000041e00cf4                interrupt_init
 .text.enable_interrupts
                0x0000000041e00d10        0x4 arch/arm/lib/built-in.o
                0x0000000041e00d10                enable_interrupts
 .text.disable_interrupts
                0x0000000041e00d14        0x8 arch/arm/lib/built-in.o
                0x0000000041e00d14                disable_interrupts
 .text.bad_mode
                0x0000000041e00d1c       0x10 arch/arm/lib/built-in.o
                0x0000000041e00d1c                bad_mode
 .text.show_regs
                0x0000000041e00d2c      0x13c arch/arm/lib/built-in.o
                0x0000000041e00d2c                show_regs
 .text.do_undefined_instruction
                0x0000000041e00e68       0x20 arch/arm/lib/built-in.o
                0x0000000041e00e68                do_undefined_instruction
 .text.do_software_interrupt
                0x0000000041e00e88       0x20 arch/arm/lib/built-in.o
                0x0000000041e00e88                do_software_interrupt
 .text.do_prefetch_abort
                0x0000000041e00ea8       0x20 arch/arm/lib/built-in.o
                0x0000000041e00ea8                do_prefetch_abort
 .text.do_data_abort
                0x0000000041e00ec8       0x20 arch/arm/lib/built-in.o
                0x0000000041e00ec8                do_data_abort
 .text.do_not_used
                0x0000000041e00ee8       0x20 arch/arm/lib/built-in.o
                0x0000000041e00ee8                do_not_used
 .text.do_fiq   0x0000000041e00f08       0x20 arch/arm/lib/built-in.o
                0x0000000041e00f08                do_fiq
 .text.do_irq   0x0000000041e00f28       0x20 arch/arm/lib/built-in.o
                0x0000000041e00f28                do_irq
 .text.do_reset
                0x0000000041e00f48       0x2c arch/arm/lib/built-in.o
                0x0000000041e00f48                do_reset
 .text.cp_delay
                0x0000000041e00f74       0x30 arch/arm/lib/built-in.o
 .text.arm_init_domains
                0x0000000041e00fa4        0x4 arch/arm/lib/built-in.o
                0x0000000041e00fa4                arm_init_domains
 .text.set_section_dcache
                0x0000000041e00fa8       0x14 arch/arm/lib/built-in.o
                0x0000000041e00fa8                set_section_dcache
 .text.dram_bank_mmu_setup
                0x0000000041e00fbc       0x40 arch/arm/lib/built-in.o
                0x0000000041e00fbc                dram_bank_mmu_setup
 .text.icache_enable
                0x0000000041e00ffc       0x18 arch/arm/lib/built-in.o
                0x0000000041e00ffc                icache_enable
 .text.icache_disable
                0x0000000041e01014       0x1c arch/arm/lib/built-in.o
                0x0000000041e01014                icache_disable
 .text.dcache_enable
                0x0000000041e01030       0x6c arch/arm/lib/built-in.o
                0x0000000041e01030                dcache_enable
 .text.dcache_disable
                0x0000000041e0109c       0x2c arch/arm/lib/built-in.o
                0x0000000041e0109c                dcache_disable
 .text.do_backup_message
                0x0000000041e010c8       0x18 board/mediatek/common/built-in.o
                0x0000000041e010c8                do_backup_message
 .text.do_reco_message
                0x0000000041e010e0       0x18 board/mediatek/common/built-in.o
                0x0000000041e010e0                do_reco_message
 .text.do_boot_to_ctp
                0x0000000041e010f8       0x58 board/mediatek/common/built-in.o
                0x0000000041e010f8                do_boot_to_ctp
 .text.do_read_mtk_image_blks
                0x0000000041e01150      0x1a8 board/mediatek/common/built-in.o
                0x0000000041e01150                do_read_mtk_image_blks
 .text.do_ctp_check
                0x0000000041e012f8       0x60 board/mediatek/common/built-in.o
                0x0000000041e012f8                do_ctp_check
 .text.do_read_image_blks
                0x0000000041e01358      0x1fc board/mediatek/common/built-in.o
                0x0000000041e01358                do_read_image_blks
 .text.do_serious_image_check
                0x0000000041e01554       0xcc board/mediatek/common/built-in.o
                0x0000000041e01554                do_serious_image_check
 .text.do_invaild_env
                0x0000000041e01620       0x30 board/mediatek/common/built-in.o
                0x0000000041e01620                do_invaild_env
 .text.do_filesize_check
                0x0000000041e01650      0x120 board/mediatek/common/built-in.o
                0x0000000041e01650                do_filesize_check
 .text.do_image_check
                0x0000000041e01770       0x7c board/mediatek/common/built-in.o
                0x0000000041e01770                do_image_check
 .text.do_uboot_check
                0x0000000041e017ec       0x7c board/mediatek/common/built-in.o
                0x0000000041e017ec                do_uboot_check
 .text.input_value
                0x0000000041e01868       0x48 board/mediatek/common/built-in.o
                0x0000000041e01868                input_value
 .text.get_filetype
                0x0000000041e018b0       0x44 board/mediatek/common/built-in.o
                0x0000000041e018b0                get_filetype
 .text.do_download_setting
                0x0000000041e018f4      0x5d0 board/mediatek/common/built-in.o
                0x0000000041e018f4                do_download_setting
 .text.dram_init
                0x0000000041e01ec4       0x24 board/mediatek/mt7622_evb/built-in.o
                0x0000000041e01ec4                dram_init
 .text.board_init
                0x0000000041e01ee8       0x24 board/mediatek/mt7622_evb/built-in.o
                0x0000000041e01ee8                board_init
 .text.board_late_init
                0x0000000041e01f0c       0x18 board/mediatek/mt7622_evb/built-in.o
                0x0000000041e01f0c                board_late_init
 .text.ft_board_setup
                0x0000000041e01f24        0x4 board/mediatek/mt7622_evb/built-in.o
                0x0000000041e01f24                ft_board_setup
 .text.enable_caches
                0x0000000041e01f28        0x4 board/mediatek/mt7622_evb/built-in.o
                0x0000000041e01f28                enable_caches
 .text.board_eth_init
                0x0000000041e01f2c       0x10 board/mediatek/mt7622_evb/built-in.o
                0x0000000041e01f2c                board_eth_init
 .text.gpt4_get_current_tick
                0x0000000041e01f3c       0x10 board/mediatek/mt7622_evb/built-in.o
                0x0000000041e01f3c                gpt4_get_current_tick
 .text.gpt4_timeout_tick
                0x0000000041e01f4c       0x28 board/mediatek/mt7622_evb/built-in.o
                0x0000000041e01f4c                gpt4_timeout_tick
 .text.gpt4_time2tick_us
                0x0000000041e01f74       0x1c board/mediatek/mt7622_evb/built-in.o
                0x0000000041e01f74                gpt4_time2tick_us
 .text.gpt_busy_wait_us
                0x0000000041e01f90       0x40 board/mediatek/mt7622_evb/built-in.o
                0x0000000041e01f90                gpt_busy_wait_us
 .text.reset_timer_masked
                0x0000000041e01fd0       0x44 board/mediatek/mt7622_evb/built-in.o
                0x0000000041e01fd0                reset_timer_masked
 .text.get_timer_masked
                0x0000000041e02014       0x8c board/mediatek/mt7622_evb/built-in.o
                0x0000000041e02014                get_timer_masked
 .text.get_timer
                0x0000000041e020a0       0x20 board/mediatek/mt7622_evb/built-in.o
                0x0000000041e020a0                get_timer
 .text.__udelay
                0x0000000041e020c0        0x4 board/mediatek/mt7622_evb/built-in.o
                0x0000000041e020c0                __udelay
 .text.mtk_timer_init
                0x0000000041e020c4       0x28 board/mediatek/mt7622_evb/built-in.o
                0x0000000041e020c4                mtk_timer_init
 .text.uart_setbrg
                0x0000000041e020ec       0xe0 board/mediatek/mt7622_evb/built-in.o
                0x0000000041e020ec                uart_setbrg
 .text.mtk_uart_init
                0x0000000041e021cc       0x34 board/mediatek/mt7622_evb/built-in.o
                0x0000000041e021cc                mtk_uart_init
 .text.PutUARTByte
                0x0000000041e02200       0x38 board/mediatek/mt7622_evb/built-in.o
                0x0000000041e02200                PutUARTByte
 .text.uart_getc
                0x0000000041e02238       0x28 board/mediatek/mt7622_evb/built-in.o
                0x0000000041e02238                uart_getc
 .text.uart_puts
                0x0000000041e02260       0x20 board/mediatek/mt7622_evb/built-in.o
                0x0000000041e02260                uart_puts
 .text.uart_tstc
                0x0000000041e02280       0x18 board/mediatek/mt7622_evb/built-in.o
                0x0000000041e02280                uart_tstc
 .text.pl01x_serial_initialize
                0x0000000041e02298        0xc board/mediatek/mt7622_evb/built-in.o
                0x0000000041e02298                pl01x_serial_initialize
 .text.default_serial_console
                0x0000000041e022a4        0xc board/mediatek/mt7622_evb/built-in.o
                0x0000000041e022a4                default_serial_console
 .text.mtk_wdt_disable
                0x0000000041e022b0       0x1c board/mediatek/mt7622_evb/built-in.o
                0x0000000041e022b0                mtk_wdt_disable
 .text.mtk_arch_reset
                0x0000000041e022cc       0x50 board/mediatek/mt7622_evb/built-in.o
                0x0000000041e022cc                mtk_arch_reset
 .text.delete_char.part.0
                0x0000000041e0231c       0xd0 common/built-in.o
 .text.__show_boot_progress
                0x0000000041e023ec        0x4 common/built-in.o
                0x0000000041e023ec                __show_boot_progress
                0x0000000041e023ec                show_boot_progress
 .text.readline_into_buffer
                0x0000000041e023f0      0x1f4 common/built-in.o
                0x0000000041e023f0                readline_into_buffer
 .text.readline
                0x0000000041e025e4       0x14 common/built-in.o
                0x0000000041e025e4                readline
 .text.run_command
                0x0000000041e025f8        0x8 common/built-in.o
                0x0000000041e025f8                run_command
 .text.run_command_list
                0x0000000041e02600       0x5c common/built-in.o
                0x0000000041e02600                run_command_list
 .text.main_loop
                0x0000000041e0265c      0x10c common/built-in.o
                0x0000000041e0265c                main_loop
 .text.do_run   0x0000000041e02768       0x74 common/built-in.o
                0x0000000041e02768                do_run
 .text.find_cmd_tbl
                0x0000000041e027dc       0xa4 common/built-in.o
                0x0000000041e027dc                find_cmd_tbl
 .text.find_cmd
                0x0000000041e02880       0x28 common/built-in.o
                0x0000000041e02880                find_cmd
 .text.cmd_usage
                0x0000000041e028a8       0x5c common/built-in.o
                0x0000000041e028a8                cmd_usage
 .text._do_help
                0x0000000041e02904      0x180 common/built-in.o
                0x0000000041e02904                _do_help
 .text.cmd_get_data_size
                0x0000000041e02a84       0x5c common/built-in.o
                0x0000000041e02a84                cmd_get_data_size
 .text.cmd_process
                0x0000000041e02ae0       0xf4 common/built-in.o
                0x0000000041e02ae0                cmd_process
 .text.dummy    0x0000000041e02bd4        0x4 common/built-in.o
 .text.get_version
                0x0000000041e02bd8        0x8 common/built-in.o
                0x0000000041e02bd8                get_version
 .text.jumptable_init
                0x0000000041e02be0      0x190 common/built-in.o
                0x0000000041e02be0                jumptable_init
 .text.hash_command
                0x0000000041e02d70       0xa0 common/built-in.o
                0x0000000041e02d70                hash_command
 .text.b_reset  0x0000000041e02e10       0x1c common/built-in.o
 .text.static_get
                0x0000000041e02e2c       0x1c common/built-in.o
 .text.static_peek
                0x0000000041e02e48        0xc common/built-in.o
 .text.file_peek
                0x0000000041e02e54        0xc common/built-in.o
 .text.mapset   0x0000000041e02e60       0x20 common/built-in.o
 .text.syntax_err
                0x0000000041e02e80        0xc common/built-in.o
 .text.free_pipe_list
                0x0000000041e02e8c       0xe8 common/built-in.o
 .text.xmalloc  0x0000000041e02f74       0x20 common/built-in.o
 .text.new_pipe
                0x0000000041e02f94       0x28 common/built-in.o
 .text.xrealloc
                0x0000000041e02fbc       0x20 common/built-in.o
 .text.done_command
                0x0000000041e02fdc       0x84 common/built-in.o
 .text.done_pipe
                0x0000000041e03060       0x48 common/built-in.o
 .text.done_word
                0x0000000041e030a8      0x2a8 common/built-in.o
 .text.do_showvar
                0x0000000041e03350       0xfc common/built-in.o
 .text.is_assignment
                0x0000000041e0344c       0x5c common/built-in.o
 .text.file_get
                0x0000000041e034a8      0x1ec common/built-in.o
 .text.b_addchr
                0x0000000041e03694       0x78 common/built-in.o
 .text.b_addqchr
                0x0000000041e0370c       0x50 common/built-in.o
 .text.get_local_var
                0x0000000041e0375c       0xa0 common/built-in.o
                0x0000000041e0375c                get_local_var
 .text.set_local_var
                0x0000000041e037fc      0x1ac common/built-in.o
                0x0000000041e037fc                set_local_var
 .text.insert_var_value_sub
                0x0000000041e039a8      0x2c0 common/built-in.o
 .text.parse_string_outer
                0x0000000041e03c68       0xe4 common/built-in.o
                0x0000000041e03c68                parse_string_outer
 .text.run_list_real
                0x0000000041e03d4c      0x780 common/built-in.o
 .text.parse_stream_outer
                0x0000000041e044cc      0x6ac common/built-in.o
 .text.parse_file_outer
                0x0000000041e04b78       0x44 common/built-in.o
                0x0000000041e04b78                parse_file_outer
 .text.u_boot_hush_start
                0x0000000041e04bbc       0x54 common/built-in.o
                0x0000000041e04bbc                u_boot_hush_start
 .text.hex1_bin
                0x0000000041e04c10       0x40 common/built-in.o
 .text.hex2_bin
                0x0000000041e04c50       0x38 common/built-in.o
 .text.srec_decode
                0x0000000041e04c88      0x254 common/built-in.o
                0x0000000041e04c88                srec_decode
 .text.CYGACC_COMM_IF_GETC_TIMEOUT.isra.0
                0x0000000041e04edc       0x5c common/built-in.o
 .text.xyzModem_flush
                0x0000000041e04f38       0x1c common/built-in.o
 .text.xyzModem_get_hdr
                0x0000000041e04f54      0x230 common/built-in.o
 .text.xyzModem_stream_open
                0x0000000041e05184      0x23c common/built-in.o
                0x0000000041e05184                xyzModem_stream_open
 .text.xyzModem_stream_read
                0x0000000041e053c0      0x258 common/built-in.o
                0x0000000041e053c0                xyzModem_stream_read
 .text.xyzModem_stream_close
                0x0000000041e05618       0x54 common/built-in.o
                0x0000000041e05618                xyzModem_stream_close
 .text.xyzModem_stream_terminate
                0x0000000041e0566c       0x94 common/built-in.o
                0x0000000041e0566c                xyzModem_stream_terminate
 .text.xyzModem_error
                0x0000000041e05700       0x20 common/built-in.o
                0x0000000041e05700                xyzModem_error
 .text.do_go_exec
                0x0000000041e05720       0x10 common/built-in.o
                0x0000000041e05720                do_go_exec
 .text.do_go    0x0000000041e05730       0x6c common/built-in.o
 .text.copy_args
                0x0000000041e0579c       0x50 common/built-in.o
 .text.do_bootd
                0x0000000041e057ec       0x24 common/built-in.o
                0x0000000041e057ec                do_bootd
 .text.image_info
                0x0000000041e05810      0x124 common/built-in.o
 .text.do_bootm_rtems
                0x0000000041e05934       0x54 common/built-in.o
 .text.do_bootm_plan9
                0x0000000041e05988       0xb8 common/built-in.o
 .text.do_bootm_standalone
                0x0000000041e05a40       0x64 common/built-in.o
 .text.do_bootm_netbsd
                0x0000000041e05aa4      0x104 common/built-in.o
 .text.do_iminfo
                0x0000000041e05ba8       0x60 common/built-in.o
 .text.__arch_preboot_os
                0x0000000041e05c08        0x4 common/built-in.o
                0x0000000041e05c08                arch_preboot_os
 .text.do_bootm_states.isra.20.constprop.22
                0x0000000041e05c0c      0xa34 common/built-in.o
 .text.do_bootm
                0x0000000041e06640       0xec common/built-in.o
                0x0000000041e06640                do_bootm
 .text.bootm_maybe_autostart
                0x0000000041e0672c       0x78 common/built-in.o
                0x0000000041e0672c                bootm_maybe_autostart
 .text.do_bootvx_fdt
                0x0000000041e067a4      0x10c common/built-in.o
                0x0000000041e067a4                do_bootvx_fdt
 .text.do_bootm_vxworks
                0x0000000041e068b0       0x38 common/built-in.o
 .text.do_help  0x0000000041e068e8       0x48 common/built-in.o
 .text.do_version
                0x0000000041e06930       0x38 common/built-in.o
 .text.env_attr_walk
                0x0000000041e06968      0x114 common/built-in.o
                0x0000000041e06968                env_attr_walk
 .text.env_attr_lookup
                0x0000000041e06a7c      0x18c common/built-in.o
                0x0000000041e06a7c                env_attr_lookup
 .text.clear_callback
                0x0000000041e06c08       0x10 common/built-in.o
 .text.find_env_callback
                0x0000000041e06c18       0x68 common/built-in.o
 .text.on_callbacks
                0x0000000041e06c80       0x48 common/built-in.o
 .text.set_callback
                0x0000000041e06cc8       0x94 common/built-in.o
 .text.env_callback_init
                0x0000000041e06d5c       0xc4 common/built-in.o
                0x0000000041e06d5c                env_callback_init
 .text.skip_num
                0x0000000041e06e20       0x70 common/built-in.o
 .text.clear_flags
                0x0000000041e06e90       0x10 common/built-in.o
 .text.on_flags
                0x0000000041e06ea0       0x48 common/built-in.o
 .text.env_flags_parse_vartype
                0x0000000041e06ee8       0x50 common/built-in.o
                0x0000000041e06ee8                env_flags_parse_vartype
 .text.env_flags_parse_varaccess
                0x0000000041e06f38       0x58 common/built-in.o
                0x0000000041e06f38                env_flags_parse_varaccess
 .text.set_flags
                0x0000000041e06f90       0xac common/built-in.o
 .text.env_flags_init
                0x0000000041e0703c       0xd8 common/built-in.o
                0x0000000041e0703c                env_flags_init
 .text.env_flags_validate
                0x0000000041e07114      0x324 common/built-in.o
                0x0000000041e07114                env_flags_validate
 .text.init_mmc_for_env
                0x0000000041e07438       0x34 common/built-in.o
 .text.mmc_get_env_addr
                0x0000000041e0746c       0x10 common/built-in.o
                0x0000000041e0746c                mmc_get_env_addr
 .text.env_init
                0x0000000041e0747c       0x1c common/built-in.o
                0x0000000041e0747c                env_init
 .text.saveenv  0x0000000041e07498      0x198 common/built-in.o
                0x0000000041e07498                saveenv
 .text.env_relocate_spec
                0x0000000041e07630       0xdc common/built-in.o
                0x0000000041e07630                env_relocate_spec
 .text.source   0x0000000041e0770c      0x1c4 common/built-in.o
                0x0000000041e0770c                source
 .text.do_source
                0x0000000041e078d0       0x78 common/built-in.o
                0x0000000041e078d0                do_source
 .text.print_num
                0x0000000041e07948       0x18 common/built-in.o
 .text.do_bdinfo
                0x0000000041e07960      0x178 common/built-in.o
                0x0000000041e07960                do_bdinfo
 .text.bootmenu_print_entry
                0x0000000041e07ad8       0x74 common/built-in.o
 .text.bootmenu_destroy
                0x0000000041e07b4c       0x44 common/built-in.o
 .text.bootmenu_choice_entry
                0x0000000041e07b90      0x238 common/built-in.o
 .text.bootmenu_show
                0x0000000041e07dc8      0x3a4 common/built-in.o
 .text.do_bootmenu
                0x0000000041e0816c       0x48 common/built-in.o
                0x0000000041e0816c                do_bootmenu
 .text.menu_display_statusline
                0x0000000041e081b4       0xfc common/built-in.o
                0x0000000041e081b4                menu_display_statusline
 .text.menu_show
                0x0000000041e082b0       0x10 common/built-in.o
                0x0000000041e082b0                menu_show
 .text.do_coninfo
                0x0000000041e082c0       0xbc common/built-in.o
 .text.do_echo  0x0000000041e0837c       0xb0 common/built-in.o
 .text.do_exit  0x0000000041e0842c       0x30 common/built-in.o
 .text.do_ext4_load
                0x0000000041e0845c       0x18 common/built-in.o
                0x0000000041e0845c                do_ext4_load
 .text.do_ext4_ls
                0x0000000041e08474       0x18 common/built-in.o
                0x0000000041e08474                do_ext4_ls
 .text.do_fat_fsload
                0x0000000041e0848c       0x18 common/built-in.o
                0x0000000041e0848c                do_fat_fsload
 .text.do_fat_ls
                0x0000000041e084a4       0x18 common/built-in.o
 .text.do_fat_fsinfo
                0x0000000041e084bc       0x90 common/built-in.o
 .text.fdt_valid
                0x0000000041e0854c       0xbc common/built-in.o
 .text.is_printable_string
                0x0000000041e08608       0x98 common/built-in.o
 .text.print_data
                0x0000000041e086a0      0x174 common/built-in.o
 .text.set_working_fdt_addr
                0x0000000041e08814       0x1c common/built-in.o
                0x0000000041e08814                set_working_fdt_addr
 .text.do_fdt   0x0000000041e08830      0xeb4 common/built-in.o
 .text.write_cell
                0x0000000041e096e4       0x50 common/built-in.o
 .text.get_cells_len
                0x0000000041e09734       0x38 common/built-in.o
 .text.fdt_find_and_setprop
                0x0000000041e0976c       0x70 common/built-in.o
                0x0000000041e0976c                fdt_find_and_setprop
 .text.fdt_initrd
                0x0000000041e097dc      0x1ec common/built-in.o
                0x0000000041e097dc                fdt_initrd
 .text.fdt_chosen
                0x0000000041e099c8      0x10c common/built-in.o
                0x0000000041e099c8                fdt_chosen
 .text.do_fixup_by_path
                0x0000000041e09ad4       0x54 common/built-in.o
                0x0000000041e09ad4                do_fixup_by_path
 .text.fdt_fixup_memory_banks
                0x0000000041e09b28      0x1c0 common/built-in.o
                0x0000000041e09b28                fdt_fixup_memory_banks
 .text.fdt_fixup_memory
                0x0000000041e09ce8       0x20 common/built-in.o
                0x0000000041e09ce8                fdt_fixup_memory
 .text.fdt_fixup_ethernet
                0x0000000041e09d08      0x12c common/built-in.o
                0x0000000041e09d08                fdt_fixup_ethernet
 .text.fdt_resize
                0x0000000041e09e34       0xcc common/built-in.o
                0x0000000041e09e34                fdt_resize
 .text.evalexp  0x0000000041e09f00       0x74 common/built-in.o
 .text.evalstr  0x0000000041e09f74       0x6c common/built-in.o
 .text.binary_test
                0x0000000041e09fe0      0x1b0 common/built-in.o
 .text.do_itest
                0x0000000041e0a190       0x98 common/built-in.o
 .text.bin_data_init
                0x0000000041e0a228       0x2c common/built-in.o
 .text.k_data_save
                0x0000000041e0a254       0x4c common/built-in.o
 .text.k_data_restore
                0x0000000041e0a2a0       0x4c common/built-in.o
 .text.getcxmodem
                0x0000000041e0a2ec       0x20 common/built-in.o
 .text.load_serial_ymodem
                0x0000000041e0a30c       0xdc common/built-in.o
 .text.bin_data_char
                0x0000000041e0a3e8       0x2c common/built-in.o
 .text.chk1.constprop.1
                0x0000000041e0a414       0x2c common/built-in.o
 .text.s1_sendpacket.constprop.2
                0x0000000041e0a440       0x50 common/built-in.o
 .text.load_serial
                0x0000000041e0a490      0x1ec common/built-in.o
 .text.do_load_serial
                0x0000000041e0a67c       0xdc common/built-in.o
 .text.do_load_serial_bin
                0x0000000041e0a758      0x7c0 common/built-in.o
 .text.do_mem_mw
                0x0000000041e0af18       0xc0 common/built-in.o
 .text.do_mem_loop
                0x0000000041e0afd8       0xec common/built-in.o
 .text.do_mem_md
                0x0000000041e0b0c4       0xec common/built-in.o
 .text.do_mem_cmp
                0x0000000041e0b1b0      0x16c common/built-in.o
 .text.do_mem_base
                0x0000000041e0b31c       0x40 common/built-in.o
 .text.do_mem_cp
                0x0000000041e0b35c       0xd8 common/built-in.o
 .text.do_mem_crc
                0x0000000041e0b434       0x48 common/built-in.o
 .text.mod_mem.isra.2
                0x0000000041e0b47c      0x164 common/built-in.o
 .text.do_mem_mm
                0x0000000041e0b5e0        0x8 common/built-in.o
 .text.do_mem_nm
                0x0000000041e0b5e8        0x8 common/built-in.o
 .text.do_sleep
                0x0000000041e0b5f0       0x70 common/built-in.o
 .text.do_mmcops
                0x0000000041e0b660      0x2d8 common/built-in.o
 .text.do_mmc   0x0000000041e0b938      0x154 common/built-in.o
                0x0000000041e0b938                do_mmc
 .text.do_mmcinfo
                0x0000000041e0ba8c      0x180 common/built-in.o
 .text.part_delall
                0x0000000041e0bc0c       0x44 common/built-in.o
 .text.memsize_parse
                0x0000000041e0bc50       0x80 common/built-in.o
 .text.mtd_part_info
                0x0000000041e0bcd0       0x98 common/built-in.o
 .text.memsize_format
                0x0000000041e0bd68       0x90 common/built-in.o
 .text.index_partitions
                0x0000000041e0bdf8       0xb4 common/built-in.o
 .text.current_save
                0x0000000041e0beac       0xbc common/built-in.o
 .text.part_sort_add
                0x0000000041e0bf68      0x11c common/built-in.o
 .text.device_del
                0x0000000041e0c084       0x7c common/built-in.o
 .text.generate_mtdparts_save.constprop.7
                0x0000000041e0c100      0x304 common/built-in.o
 .text.device_delall.constprop.9
                0x0000000041e0c404       0x64 common/built-in.o
 .text.mtd_devices_init
                0x0000000041e0c468       0x2c common/built-in.o
 .text.get_mtd_info.constprop.10
                0x0000000041e0c494       0x78 common/built-in.o
 .text.part_validate
                0x0000000041e0c50c      0x360 common/built-in.o
 .text.device_find
                0x0000000041e0c86c       0x4c common/built-in.o
                0x0000000041e0c86c                device_find
 .text.device_parse
                0x0000000041e0c8b8      0x560 common/built-in.o
 .text.mtd_id_parse
                0x0000000041e0ce18      0x11c common/built-in.o
                0x0000000041e0ce18                mtd_id_parse
 .text.find_dev_and_part
                0x0000000041e0cf34      0x1b0 common/built-in.o
                0x0000000041e0cf34                find_dev_and_part
 .text.mtdparts_init
                0x0000000041e0d0e4      0x654 common/built-in.o
                0x0000000041e0d0e4                mtdparts_init
 .text.do_chpart
                0x0000000041e0d738       0xd4 common/built-in.o
 .text.do_mtdparts
                0x0000000041e0d80c      0x5bc common/built-in.o
 .text.set_dev  0x0000000041e0ddc8       0x70 common/built-in.o
 .text.nand_print_and_set_info
                0x0000000041e0de38       0xcc common/built-in.o
 .text.arg_off  0x0000000041e0df04      0x108 common/built-in.o
 .text.arg_off_size
                0x0000000041e0e00c      0x14c common/built-in.o
 .text.do_nand  0x0000000041e0e158      0xc54 common/built-in.o
 .text.nand_load_image
                0x0000000041e0edac      0x21c common/built-in.o
 .text.do_nandboot
                0x0000000041e0efc8      0x258 common/built-in.o
 .text.netboot_common
                0x0000000041e0f220      0x2c0 common/built-in.o
 .text.do_bootp
                0x0000000041e0f4e0        0xc common/built-in.o
 .text.do_tftpb
                0x0000000041e0f4ec       0x40 common/built-in.o
                0x0000000041e0f4ec                do_tftpb
 .text.do_ping  0x0000000041e0f52c       0x7c common/built-in.o
 .text.do_false
                0x0000000041e0f5a8        0x8 common/built-in.o
 .text.do_true  0x0000000041e0f5b0        0x8 common/built-in.o
 .text.do_test  0x0000000041e0f5b8      0x33c common/built-in.o
 .text.do_imgextract
                0x0000000041e0f8f4      0x3b0 common/built-in.o
 .text.menu_default_choice
                0x0000000041e0fca4       0x1c common/built-in.o
                0x0000000041e0fca4                menu_default_choice
 .text.menu_default_set
                0x0000000041e0fcc0       0x88 common/built-in.o
                0x0000000041e0fcc0                menu_default_set
 .text.menu_get_choice
                0x0000000041e0fd48      0x1e0 common/built-in.o
                0x0000000041e0fd48                menu_get_choice
 .text.menu_item_add
                0x0000000041e0ff28       0xd8 common/built-in.o
                0x0000000041e0ff28                menu_item_add
 .text.menu_create
                0x0000000041e10000       0x90 common/built-in.o
                0x0000000041e10000                menu_create
 .text.menu_destroy
                0x0000000041e10090       0x74 common/built-in.o
                0x0000000041e10090                menu_destroy
 .text.extract_val
                0x0000000041e10104       0x98 common/built-in.o
 .text.extract_env
                0x0000000041e1019c       0xd0 common/built-in.o
 .text.do_gpt   0x0000000041e1026c      0x414 common/built-in.o
 .text.do_env_delete
                0x0000000041e10680       0x9c common/built-in.o
 .text.do_env_save
                0x0000000041e1071c       0x2c common/built-in.o
 .text.do_env   0x0000000041e10748       0x64 common/built-in.o
 .text.env_print
                0x0000000041e107ac       0xc0 common/built-in.o
 .text.do_env_print
                0x0000000041e1086c       0xc4 common/built-in.o
 .text.do_env_import
                0x0000000041e10930      0x244 common/built-in.o
 .text.do_env_default
                0x0000000041e10b74       0xa8 common/built-in.o
 .text._do_env_set.isra.0
                0x0000000041e10c1c      0x1b8 common/built-in.o
 .text.do_env_set
                0x0000000041e10dd4       0x1c common/built-in.o
 .text.get_env_id
                0x0000000041e10df0       0x10 common/built-in.o
                0x0000000041e10df0                get_env_id
 .text.setenv   0x0000000041e10e00       0x58 common/built-in.o
                0x0000000041e10e00                setenv
 .text.setenv_ulong
                0x0000000041e10e58       0x20 common/built-in.o
                0x0000000041e10e58                setenv_ulong
 .text.setenv_hex
                0x0000000041e10e78       0x34 common/built-in.o
                0x0000000041e10e78                setenv_hex
 .text.do_env_export
                0x0000000041e10eac      0x260 common/built-in.o
 .text.envmatch
                0x0000000041e1110c       0x6c common/built-in.o
                0x0000000041e1110c                envmatch
 .text.getenv_f
                0x0000000041e11178       0xc0 common/built-in.o
                0x0000000041e11178                getenv_f
 .text.getenv   0x0000000041e11238       0x78 common/built-in.o
                0x0000000041e11238                getenv
 .text.getenv_hex
                0x0000000041e112b0       0x3c common/built-in.o
                0x0000000041e112b0                getenv_hex
 .text.getenv_ulong
                0x0000000041e112ec       0x30 common/built-in.o
                0x0000000041e112ec                getenv_ulong
 .text.do_env_edit
                0x0000000041e1131c       0x78 common/built-in.o
 .text.__env_get_char_spec
                0x0000000041e11394        0xc common/built-in.o
                0x0000000041e11394                env_get_char_spec
 .text.env_get_addr
                0x0000000041e113a0       0x20 common/built-in.o
                0x0000000041e113a0                env_get_addr
 .text.env_get_char_memory
                0x0000000041e113c0       0x10 common/built-in.o
                0x0000000041e113c0                env_get_char_memory
 .text.env_get_char
                0x0000000041e113d0       0x30 common/built-in.o
                0x0000000041e113d0                env_get_char
 .text.getenv_yesno
                0x0000000041e11400       0x40 common/built-in.o
                0x0000000041e11400                getenv_yesno
 .text.getenv_default
                0x0000000041e11440       0x30 common/built-in.o
                0x0000000041e11440                getenv_default
 .text.set_default_env
                0x0000000041e11470       0xbc common/built-in.o
                0x0000000041e11470                set_default_env
 .text.set_default_vars
                0x0000000041e1152c       0x34 common/built-in.o
                0x0000000041e1152c                set_default_vars
 .text.env_import
                0x0000000041e11560       0xdc common/built-in.o
                0x0000000041e11560                env_import
 .text.env_relocate
                0x0000000041e1163c       0x30 common/built-in.o
                0x0000000041e1163c                env_relocate
 .text.console_setfile
                0x0000000041e1166c       0xa4 common/built-in.o
 .text.serial_printf
                0x0000000041e11710       0x44 common/built-in.o
                0x0000000041e11710                serial_printf
 .text.fgetc    0x0000000041e11754       0x24 common/built-in.o
                0x0000000041e11754                fgetc
 .text.ftstc    0x0000000041e11778       0x24 common/built-in.o
                0x0000000041e11778                ftstc
 .text.getc     0x0000000041e1179c       0x24 common/built-in.o
                0x0000000041e1179c                getc
 .text.tstc     0x0000000041e117c0       0x24 common/built-in.o
                0x0000000041e117c0                tstc
 .text.putc     0x0000000041e117e4       0x30 common/built-in.o
                0x0000000041e117e4                putc
 .text.puts     0x0000000041e11814       0x30 common/built-in.o
                0x0000000041e11814                puts
 .text.printf   0x0000000041e11844       0x50 common/built-in.o
                0x0000000041e11844                printf
 .text.vprintf  0x0000000041e11894       0x3c common/built-in.o
                0x0000000041e11894                vprintf
 .text.ctrlc    0x0000000041e118d0       0x58 common/built-in.o
                0x0000000041e118d0                ctrlc
 .text.had_ctrlc
                0x0000000041e11928       0x10 common/built-in.o
                0x0000000041e11928                had_ctrlc
 .text.clear_ctrlc
                0x0000000041e11938       0x14 common/built-in.o
                0x0000000041e11938                clear_ctrlc
 .text.search_device
                0x0000000041e1194c       0x28 common/built-in.o
                0x0000000041e1194c                search_device
 .text.console_assign
                0x0000000041e11974       0x48 common/built-in.o
                0x0000000041e11974                console_assign
 .text.on_console
                0x0000000041e119bc       0xc0 common/built-in.o
 .text.console_init_f
                0x0000000041e11a7c       0x10 common/built-in.o
                0x0000000041e11a7c                console_init_f
 .text.stdio_print_current_devices
                0x0000000041e11a8c       0xb0 common/built-in.o
                0x0000000041e11a8c                stdio_print_current_devices
 .text.console_init_r
                0x0000000041e11b3c      0x180 common/built-in.o
                0x0000000041e11b3c                console_init_r
 .text.sbrk     0x0000000041e11cbc       0x70 common/built-in.o
                0x0000000041e11cbc                sbrk
 .text.mem_malloc_init
                0x0000000041e11d2c       0x34 common/built-in.o
                0x0000000041e11d2c                mem_malloc_init
 .text.malloc_trim
                0x0000000041e11d60       0xcc common/built-in.o
                0x0000000041e11d60                malloc_trim
 .text.free     0x0000000041e11e2c      0x230 common/built-in.o
                0x0000000041e11e2c                free
 .text.malloc   0x0000000041e1205c      0x608 common/built-in.o
                0x0000000041e1205c                malloc
 .text.calloc   0x0000000041e12664       0xd4 common/built-in.o
                0x0000000041e12664                calloc
 .text.realloc  0x0000000041e12738      0x4c0 common/built-in.o
                0x0000000041e12738                realloc
 .text.memalign
                0x0000000041e12bf8      0x10c common/built-in.o
                0x0000000041e12bf8                memalign
 .text.on_loadaddr
                0x0000000041e12d04       0x38 common/built-in.o
 .text.image_check_hcrc
                0x0000000041e12d3c       0x4c common/built-in.o
                0x0000000041e12d3c                image_check_hcrc
 .text.image_check_dcrc
                0x0000000041e12d88       0x38 common/built-in.o
                0x0000000041e12d88                image_check_dcrc
 .text.image_multi_count
                0x0000000041e12dc0       0x1c common/built-in.o
                0x0000000041e12dc0                image_multi_count
 .text.image_multi_getimg
                0x0000000041e12ddc       0x80 common/built-in.o
                0x0000000041e12ddc                image_multi_getimg
 .text.getenv_bootm_low
                0x0000000041e12e5c       0x30 common/built-in.o
                0x0000000041e12e5c                getenv_bootm_low
 .text.getenv_bootm_size
                0x0000000041e12e8c       0x5c common/built-in.o
                0x0000000041e12e8c                getenv_bootm_size
 .text.getenv_bootm_mapsize
                0x0000000041e12ee8       0x30 common/built-in.o
                0x0000000041e12ee8                getenv_bootm_mapsize
 .text.memmove_wd
                0x0000000041e12f18        0xc common/built-in.o
                0x0000000041e12f18                memmove_wd
 .text.genimg_print_size
                0x0000000041e12f24       0x30 common/built-in.o
                0x0000000041e12f24                genimg_print_size
 .text.get_table_entry_name
                0x0000000041e12f54       0x2c common/built-in.o
                0x0000000041e12f54                get_table_entry_name
 .text.genimg_get_os_name
                0x0000000041e12f80       0x18 common/built-in.o
                0x0000000041e12f80                genimg_get_os_name
 .text.genimg_get_arch_name
                0x0000000041e12f98       0x18 common/built-in.o
                0x0000000041e12f98                genimg_get_arch_name
 .text.genimg_get_type_name
                0x0000000041e12fb0       0x18 common/built-in.o
                0x0000000041e12fb0                genimg_get_type_name
 .text.genimg_get_comp_name
                0x0000000041e12fc8       0x18 common/built-in.o
                0x0000000041e12fc8                genimg_get_comp_name
 .text.image_print_contents
                0x0000000041e12fe0      0x174 common/built-in.o
                0x0000000041e12fe0                image_print_contents
 .text.get_table_entry_id
                0x0000000041e13154       0x4c common/built-in.o
                0x0000000041e13154                get_table_entry_id
 .text.genimg_get_os_id
                0x0000000041e131a0       0x18 common/built-in.o
                0x0000000041e131a0                genimg_get_os_id
 .text.genimg_get_arch_id
                0x0000000041e131b8       0x18 common/built-in.o
                0x0000000041e131b8                genimg_get_arch_id
 .text.genimg_get_type_id
                0x0000000041e131d0       0x18 common/built-in.o
                0x0000000041e131d0                genimg_get_type_id
 .text.genimg_get_comp_id
                0x0000000041e131e8       0x18 common/built-in.o
                0x0000000041e131e8                genimg_get_comp_id
 .text.genimg_get_format
                0x0000000041e13200       0x34 common/built-in.o
                0x0000000041e13200                genimg_get_format
 .text.genimg_get_image
                0x0000000041e13234        0x4 common/built-in.o
                0x0000000041e13234                genimg_get_image
 .text.genimg_has_config
                0x0000000041e13238       0x10 common/built-in.o
                0x0000000041e13238                genimg_has_config
 .text.boot_get_ramdisk
                0x0000000041e13248      0x340 common/built-in.o
                0x0000000041e13248                boot_get_ramdisk
 .text.boot_ramdisk_high
                0x0000000041e13588      0x130 common/built-in.o
                0x0000000041e13588                boot_ramdisk_high
 .text.image_setup_linux
                0x0000000041e136b8       0x8c common/built-in.o
                0x0000000041e136b8                image_setup_linux
 .text.fdt_error
                0x0000000041e13744       0x2c common/built-in.o
 .text.boot_fdt_add_mem_rsv_regions
                0x0000000041e13770       0x88 common/built-in.o
                0x0000000041e13770                boot_fdt_add_mem_rsv_regions
 .text.boot_relocate_fdt
                0x0000000041e137f8      0x194 common/built-in.o
                0x0000000041e137f8                boot_relocate_fdt
 .text.boot_get_fdt
                0x0000000041e1398c      0x398 common/built-in.o
                0x0000000041e1398c                boot_get_fdt
 .text.ft_verify_fdt
                0x0000000041e13d24        0x8 common/built-in.o
                0x0000000041e13d24                ft_verify_fdt
 .text.image_setup_libfdt
                0x0000000041e13d2c       0xe4 common/built-in.o
                0x0000000041e13d2c                image_setup_libfdt
 .text.fit_parse_conf
                0x0000000041e13e10       0x64 common/built-in.o
                0x0000000041e13e10                fit_parse_conf
 .text.fit_parse_subimage
                0x0000000041e13e74       0x64 common/built-in.o
                0x0000000041e13e74                fit_parse_subimage
 .text.fit_get_desc
                0x0000000041e13ed8       0x30 common/built-in.o
                0x0000000041e13ed8                fit_get_desc
 .text.fit_image_get_node
                0x0000000041e13f08       0x30 common/built-in.o
                0x0000000041e13f08                fit_image_get_node
 .text.fit_image_get_os
                0x0000000041e13f38       0x3c common/built-in.o
                0x0000000041e13f38                fit_image_get_os
 .text.fit_image_get_arch
                0x0000000041e13f74       0x3c common/built-in.o
                0x0000000041e13f74                fit_image_get_arch
 .text.fit_image_get_type
                0x0000000041e13fb0       0x3c common/built-in.o
                0x0000000041e13fb0                fit_image_get_type
 .text.fit_image_get_comp
                0x0000000041e13fec       0x3c common/built-in.o
                0x0000000041e13fec                fit_image_get_comp
 .text.fit_image_get_load
                0x0000000041e14028       0x38 common/built-in.o
                0x0000000041e14028                fit_image_get_load
 .text.fit_image_get_entry
                0x0000000041e14060       0x38 common/built-in.o
                0x0000000041e14060                fit_image_get_entry
 .text.fit_image_get_data
                0x0000000041e14098       0x40 common/built-in.o
                0x0000000041e14098                fit_image_get_data
 .text.fit_image_hash_get_algo
                0x0000000041e140d8       0x30 common/built-in.o
                0x0000000041e140d8                fit_image_hash_get_algo
 .text.fit_image_hash_get_value
                0x0000000041e14108       0x40 common/built-in.o
                0x0000000041e14108                fit_image_hash_get_value
 .text.fit_image_print_data
                0x0000000041e14148      0x140 common/built-in.o
 .text.fit_image_print
                0x0000000041e14288      0x334 common/built-in.o
                0x0000000041e14288                fit_image_print
 .text.calculate_hash
                0x0000000041e145bc       0xc8 common/built-in.o
                0x0000000041e145bc                calculate_hash
 .text.fit_image_verify
                0x0000000041e14684      0x218 common/built-in.o
                0x0000000041e14684                fit_image_verify
 .text.fit_all_image_verify
                0x0000000041e1489c       0xe4 common/built-in.o
                0x0000000041e1489c                fit_all_image_verify
 .text.fit_image_check_os
                0x0000000041e14980       0x30 common/built-in.o
                0x0000000041e14980                fit_image_check_os
 .text.fit_image_check_arch
                0x0000000041e149b0       0x30 common/built-in.o
                0x0000000041e149b0                fit_image_check_arch
 .text.fit_image_check_type
                0x0000000041e149e0       0x30 common/built-in.o
                0x0000000041e149e0                fit_image_check_type
 .text.fit_image_check_comp
                0x0000000041e14a10       0x30 common/built-in.o
                0x0000000041e14a10                fit_image_check_comp
 .text.fit_check_format
                0x0000000041e14a40       0x40 common/built-in.o
                0x0000000041e14a40                fit_check_format
 .text.fit_conf_get_node
                0x0000000041e14a80       0xa0 common/built-in.o
                0x0000000041e14a80                fit_conf_get_node
 .text.fit_conf_get_prop_node
                0x0000000041e14b20       0x2c common/built-in.o
                0x0000000041e14b20                fit_conf_get_prop_node
 .text.fit_conf_print
                0x0000000041e14b4c      0x108 common/built-in.o
                0x0000000041e14b4c                fit_conf_print
 .text.fit_print_contents
                0x0000000041e14c54      0x1dc common/built-in.o
                0x0000000041e14c54                fit_print_contents
 .text.fit_image_select
                0x0000000041e14e30       0x6c common/built-in.o
                0x0000000041e14e30                fit_image_select
 .text.fit_get_node_from_config
                0x0000000041e14e9c       0x44 common/built-in.o
                0x0000000041e14e9c                fit_get_node_from_config
 .text.fit_image_load
                0x0000000041e14ee0      0x498 common/built-in.o
                0x0000000041e14ee0                fit_image_load
 .text.get_effective_memsize
                0x0000000041e15378        0x8 common/built-in.o
                0x0000000041e15378                get_effective_memsize
 .text.stdio_get_list
                0x0000000041e15380        0xc common/built-in.o
                0x0000000041e15380                stdio_get_list
 .text.stdio_get_by_name
                0x0000000041e1538c       0x5c common/built-in.o
                0x0000000041e1538c                stdio_get_by_name
 .text.stdio_clone
                0x0000000041e153e8       0x38 common/built-in.o
                0x0000000041e153e8                stdio_clone
 .text.stdio_register
                0x0000000041e15420       0x3c common/built-in.o
                0x0000000041e15420                stdio_register
 .text.stdio_init
                0x0000000041e1545c       0x8c common/built-in.o
                0x0000000041e1545c                stdio_init
 .text.print_part_header
                0x0000000041e154e8       0xd4 disk/built-in.o
 .text.get_dev  0x0000000041e155bc       0x70 disk/built-in.o
                0x0000000041e155bc                get_dev
 .text.dev_print
                0x0000000041e1562c      0x204 disk/built-in.o
                0x0000000041e1562c                dev_print
 .text.init_part
                0x0000000041e15830       0x34 disk/built-in.o
                0x0000000041e15830                init_part
 .text.print_part
                0x0000000041e15864       0x64 disk/built-in.o
                0x0000000041e15864                print_part
 .text.get_partition_info
                0x0000000041e158c8       0x44 disk/built-in.o
                0x0000000041e158c8                get_partition_info
 .text.get_device
                0x0000000041e1590c       0x84 disk/built-in.o
                0x0000000041e1590c                get_device
 .text.get_device_and_partition
                0x0000000041e15990      0x448 disk/built-in.o
                0x0000000041e15990                get_device_and_partition
 .text.get_partition_info_extended
                0x0000000041e15dd8      0x2e0 disk/built-in.o
 .text.test_block_type
                0x0000000041e160b8       0x84 disk/built-in.o
 .text.print_partition_extended
                0x0000000041e1613c      0x278 disk/built-in.o
 .text.test_part_dos
                0x0000000041e163b4       0x64 disk/built-in.o
                0x0000000041e163b4                test_part_dos
 .text.print_part_dos
                0x0000000041e16418       0x34 disk/built-in.o
                0x0000000041e16418                print_part_dos
 .text.get_partition_info_dos
                0x0000000041e1644c       0x24 disk/built-in.o
                0x0000000041e1644c                get_partition_info_dos
 .text.print_efiname
                0x0000000041e16470       0x58 disk/built-in.o
 .text.set_protective_mbr
                0x0000000041e164c8       0xc0 disk/built-in.o
 .text.uuid_string
                0x0000000041e16588       0x6c disk/built-in.o
 .text.is_pte_valid
                0x0000000041e165f4       0x58 disk/built-in.o
 .text.string_uuid
                0x0000000041e1664c      0x164 disk/built-in.o
 .text.is_gpt_valid.constprop.2
                0x0000000041e167b0      0x408 disk/built-in.o
 .text.print_part_efi
                0x0000000041e16bb8      0x218 disk/built-in.o
                0x0000000041e16bb8                print_part_efi
 .text.get_partition_info_efi
                0x0000000041e16dd0      0x1a8 disk/built-in.o
                0x0000000041e16dd0                get_partition_info_efi
 .text.test_part_efi
                0x0000000041e16f78       0xd4 disk/built-in.o
                0x0000000041e16f78                test_part_efi
 .text.write_gpt_table
                0x0000000041e1704c      0x30c disk/built-in.o
                0x0000000041e1704c                write_gpt_table
 .text.gpt_fill_pte
                0x0000000041e17358      0x280 disk/built-in.o
                0x0000000041e17358                gpt_fill_pte
 .text.gpt_fill_header
                0x0000000041e175d8      0x19c disk/built-in.o
                0x0000000041e175d8                gpt_fill_header
 .text.gpt_restore
                0x0000000041e17774       0xf4 disk/built-in.o
                0x0000000041e17774                gpt_restore
 .text.mtk_snand_dev_mac_trigger
                0x0000000041e17868       0x30 drivers/built-in.o
 .text.mtk_snand_dev_mac_leave
                0x0000000041e17898       0x18 drivers/built-in.o
 .text.mtk_snand_status_ready
                0x0000000041e178b0       0x30 drivers/built-in.o
 .text.mtk_snand_check_dececc_done
                0x0000000041e178e0       0x3c drivers/built-in.o
 .text.mtk_snand_read_fdm_data
                0x0000000041e1791c       0x50 drivers/built-in.o
 .text.mtk_snand_write_buf
                0x0000000041e1796c       0x6c drivers/built-in.o
 .text.mtk_snand_write_page_hwecc
                0x0000000041e179d8       0x30 drivers/built-in.o
 .text.mtk_nand_init_size
                0x0000000041e17a08       0x2c drivers/built-in.o
 .text.mtk_snand_check_RW_count
                0x0000000041e17a34       0x68 drivers/built-in.o
 .text.generic_ffs
                0x0000000041e17a9c       0x50 drivers/built-in.o
 .text.mtk_snand_rs_if_require_split
                0x0000000041e17aec       0x2c drivers/built-in.o
 .text.mtk_snand_rs_reconfig_nfiecc
                0x0000000041e17b18      0x134 drivers/built-in.o
 .text.mtk_snand_ecc_config.isra.4
                0x0000000041e17c4c       0xb0 drivers/built-in.o
 .text.mtk_snand_select_chip
                0x0000000041e17cfc      0x14c drivers/built-in.o
 .text.mtk_snand_gpio_config.part.17
                0x0000000041e17e48       0x60 drivers/built-in.o
 .text.mtk_snand_reset_con
                0x0000000041e17ea8       0x84 drivers/built-in.o
 .text.mtk_snand_stop_read
                0x0000000041e17f2c       0x98 drivers/built-in.o
 .text.mtk_snand_dev_mac_enable.constprop.30
                0x0000000041e17fc4       0x1c drivers/built-in.o
 .text.mtk_snand_dev_mac_op.constprop.29
                0x0000000041e17fe0       0x14 drivers/built-in.o
 .text.mtk_snand_dev_command_ext.constprop.24
                0x0000000041e17ff4       0x9c drivers/built-in.o
 .text.mtk_snand_read_byte
                0x0000000041e18090      0x148 drivers/built-in.o
 .text.mtk_snand_dev_ready
                0x0000000041e181d8       0xb8 drivers/built-in.o
 .text.mtk_snand_dev_enable_spiq
                0x0000000041e18290       0x90 drivers/built-in.o
 .text.mtk_snand_stop_write
                0x0000000041e18320       0x94 drivers/built-in.o
 .text.mtk_snand_dev_command
                0x0000000041e183b4       0x1c drivers/built-in.o
 .text.mtk_snand_dev_program_execute
                0x0000000041e183d0       0x40 drivers/built-in.o
 .text.mtk_snand_dev_die_select.isra.1
                0x0000000041e18410       0xc8 drivers/built-in.o
 .text.mtk_snand_ready_for_read.isra.7.constprop.26
                0x0000000041e184d8      0x1d0 drivers/built-in.o
 .text.mtk_snand_ready_for_write.isra.9
                0x0000000041e186a8      0x204 drivers/built-in.o
 .text.mtk_snand_read_page_part2
                0x0000000041e188ac      0x2bc drivers/built-in.o
 .text.dump_nfi
                0x0000000041e18b68      0x3bc drivers/built-in.o
                0x0000000041e18b68                dump_nfi
 .text.mtk_snand_dma_read_data.isra.14
                0x0000000041e18f24      0x16c drivers/built-in.o
 .text.mtk_snand_write_oob_raw
                0x0000000041e19090      0x284 drivers/built-in.o
 .text.mtk_snand_write_oob
                0x0000000041e19314      0x1b0 drivers/built-in.o
 .text.mtk_snand_get_device_info
                0x0000000041e194c4      0x1e0 drivers/built-in.o
                0x0000000041e194c4                mtk_snand_get_device_info
 .text.mtk_snand_is_vendor_reserved_blocks
                0x0000000041e196a4       0x50 drivers/built-in.o
                0x0000000041e196a4                mtk_snand_is_vendor_reserved_blocks
 .text.mtk_nand_exec_read_page
                0x0000000041e196f4      0x428 drivers/built-in.o
                0x0000000041e196f4                mtk_nand_exec_read_page
 .text.mtk_snand_read_page
                0x0000000041e19b1c       0x7c drivers/built-in.o
 .text.mtk_snand_read_page_hwecc
                0x0000000041e19b98       0x58 drivers/built-in.o
 .text.mtk_snand_verify_buf
                0x0000000041e19bf0       0xdc drivers/built-in.o
 .text.mtk_snand_read_buf
                0x0000000041e19ccc      0x10c drivers/built-in.o
 .text.mtk_nand_exec_write_page
                0x0000000041e19dd8      0x270 drivers/built-in.o
                0x0000000041e19dd8                mtk_nand_exec_write_page
 .text.mtk_snand_write_page
                0x0000000041e1a048      0x10c drivers/built-in.o
 .text.mtk_snand_command_bp
                0x0000000041e1a154      0x228 drivers/built-in.o
 .text.mtk_snand_dev_unlock_all_blocks
                0x0000000041e1a37c       0xb4 drivers/built-in.o
                0x0000000041e1a37c                mtk_snand_dev_unlock_all_blocks
 .text.mtk_snand_ecc_control
                0x0000000041e1a430       0xa4 drivers/built-in.o
                0x0000000041e1a430                mtk_snand_ecc_control
 .text.mtk_snand_read_oob_raw
                0x0000000041e1a4d4      0x1a4 drivers/built-in.o
                0x0000000041e1a4d4                mtk_snand_read_oob_raw
 .text.mtk_nand_block_markbad_hw
                0x0000000041e1a678       0x54 drivers/built-in.o
                0x0000000041e1a678                mtk_nand_block_markbad_hw
 .text.mtk_snand_block_markbad
                0x0000000041e1a6cc       0x54 drivers/built-in.o
 .text.mtk_snand_read_oob_hw
                0x0000000041e1a720       0xe4 drivers/built-in.o
                0x0000000041e1a720                mtk_snand_read_oob_hw
 .text.mtk_snand_read_oob
                0x0000000041e1a804       0x60 drivers/built-in.o
 .text.mtk_nand_block_bad_hw
                0x0000000041e1a864       0xa4 drivers/built-in.o
                0x0000000041e1a864                mtk_nand_block_bad_hw
 .text.mtk_snand_block_bad
                0x0000000041e1a908       0xf0 drivers/built-in.o
 .text.mtk_snand_clk_setting
                0x0000000041e1a9f8       0x38 drivers/built-in.o
                0x0000000041e1a9f8                mtk_snand_clk_setting
 .text.mtk_snand_reset
                0x0000000041e1aa30       0x4c drivers/built-in.o
                0x0000000041e1aa30                mtk_snand_reset
 .text.mtk_snand_reset_device
                0x0000000041e1aa7c       0xb4 drivers/built-in.o
                0x0000000041e1aa7c                mtk_snand_reset_device
 .text.mtk_snand_dev_erase
                0x0000000041e1ab30       0x80 drivers/built-in.o
                0x0000000041e1ab30                mtk_snand_dev_erase
 .text.mtk_nand_erase_hw
                0x0000000041e1abb0       0xc4 drivers/built-in.o
                0x0000000041e1abb0                mtk_nand_erase_hw
 .text.mtk_nand_erase
                0x0000000041e1ac74       0xbc drivers/built-in.o
 .text.board_nand_init
                0x0000000041e1ad30      0x4dc drivers/built-in.o
                0x0000000041e1ad30                board_nand_init
 .text.upload_bmt
                0x0000000041e1b20c      0x1a8 drivers/built-in.o
 .text.find_valid_block
                0x0000000041e1b3b4       0xcc drivers/built-in.o
 .text.set_bad_index_to_oob
                0x0000000041e1b480       0x24 drivers/built-in.o
                0x0000000041e1b480                set_bad_index_to_oob
 .text.update_bmt
                0x0000000041e1b4a4      0x1d4 drivers/built-in.o
                0x0000000041e1b4a4                update_bmt
 .text.get_mapping_block_index
                0x0000000041e1b678       0x54 drivers/built-in.o
                0x0000000041e1b678                get_mapping_block_index
 .text.init_bmt
                0x0000000041e1b6cc      0x4d8 drivers/built-in.o
                0x0000000041e1b6cc                init_bmt
 .text.mtk_nor_read
                0x0000000041e1bba4      0x1a4 drivers/built-in.o
                0x0000000041e1bba4                mtk_nor_read
 .text.mtk_nor_write
                0x0000000041e1bd48      0x128 drivers/built-in.o
                0x0000000041e1bd48                mtk_nor_write
 .text.mtk_nor_erase
                0x0000000041e1be70      0x138 drivers/built-in.o
                0x0000000041e1be70                mtk_nor_erase
 .text.mtk_nor_command
                0x0000000041e1bfa8      0x418 drivers/built-in.o
 .text.msdc_pin_set.isra.1
                0x0000000041e1c3c0      0x64c drivers/mmc/built-in.o
 .text.msdc_dump_card_status
                0x0000000041e1ca0c        0x4 drivers/mmc/built-in.o
                0x0000000041e1ca0c                msdc_dump_card_status
 .text.msdc_set_smt
                0x0000000041e1ca10      0x128 drivers/mmc/built-in.o
                0x0000000041e1ca10                msdc_set_smt
 .text.msdc_set_driving
                0x0000000041e1cb38      0xb58 drivers/mmc/built-in.o
                0x0000000041e1cb38                msdc_set_driving
 .text.msdc_set_startbit
                0x0000000041e1d690       0x50 drivers/mmc/built-in.o
                0x0000000041e1d690                msdc_set_startbit
 .text.msdc_set_smpl
                0x0000000041e1d6e0      0x438 drivers/mmc/built-in.o
                0x0000000041e1d6e0                msdc_set_smpl
 .text.msdc_set_timeout
                0x0000000041e1db18       0x8c drivers/mmc/built-in.o
                0x0000000041e1db18                msdc_set_timeout
 .text.msdc_clr_fifo
                0x0000000041e1dba4       0x50 drivers/mmc/built-in.o
                0x0000000041e1dba4                msdc_clr_fifo
 .text.msdc_set_blklen
                0x0000000041e1dbf4       0x10 drivers/mmc/built-in.o
                0x0000000041e1dbf4                msdc_set_blklen
 .text.msdc_set_blknum
                0x0000000041e1dc04        0xc drivers/mmc/built-in.o
                0x0000000041e1dc04                msdc_set_blknum
 .text.msdc_reset
                0x0000000041e1dc10       0x4c drivers/mmc/built-in.o
                0x0000000041e1dc10                msdc_reset
 .text.msdc_abort
                0x0000000041e1dc5c       0x34 drivers/mmc/built-in.o
                0x0000000041e1dc5c                msdc_abort
 .text.msdc_intr_wait
                0x0000000041e1dc90       0x18 drivers/mmc/built-in.o
                0x0000000041e1dc90                msdc_intr_wait
 .text.msdc_intr_unmask
                0x0000000041e1dca8       0x14 drivers/mmc/built-in.o
                0x0000000041e1dca8                msdc_intr_unmask
 .text.msdc_send_cmd
                0x0000000041e1dcbc      0x21c drivers/mmc/built-in.o
                0x0000000041e1dcbc                msdc_send_cmd
 .text.msdc_wait_rsp
                0x0000000041e1ded8      0x12c drivers/mmc/built-in.o
                0x0000000041e1ded8                msdc_wait_rsp
 .text.msdc_pio_read_word
                0x0000000041e1e004      0x108 drivers/mmc/built-in.o
                0x0000000041e1e004                msdc_pio_read_word
 .text.msdc_pio_read
                0x0000000041e1e10c       0x24 drivers/mmc/built-in.o
                0x0000000041e1e10c                msdc_pio_read
 .text.msdc_pio_write_word
                0x0000000041e1e130       0xd8 drivers/mmc/built-in.o
                0x0000000041e1e130                msdc_pio_write_word
 .text.msdc_pio_write
                0x0000000041e1e208       0x24 drivers/mmc/built-in.o
                0x0000000041e1e208                msdc_pio_write
 .text.msdc_config_clksrc
                0x0000000041e1e22c       0xa0 drivers/mmc/built-in.o
                0x0000000041e1e22c                msdc_config_clksrc
 .text.msdc_config_clock
                0x0000000041e1e2cc      0x2b0 drivers/mmc/built-in.o
                0x0000000041e1e2cc                msdc_config_clock
 .text.msdc_config_bus
                0x0000000041e1e57c       0x80 drivers/mmc/built-in.o
                0x0000000041e1e57c                msdc_config_bus
 .text.msdc_config_pin
                0x0000000041e1e5fc        0x8 drivers/mmc/built-in.o
                0x0000000041e1e5fc                msdc_config_pin
 .text.msdc_power
                0x0000000041e1e604       0x14 drivers/mmc/built-in.o
                0x0000000041e1e604                msdc_power
 .text.msdc_reset_tune_counter
                0x0000000041e1e618        0xc drivers/mmc/built-in.o
                0x0000000041e1e618                msdc_reset_tune_counter
 .text.msdc_tune_cmdrsp
                0x0000000041e1e624      0x374 drivers/mmc/built-in.o
                0x0000000041e1e624                msdc_tune_cmdrsp
 .text.msdc_cmd
                0x0000000041e1e998       0x58 drivers/mmc/built-in.o
                0x0000000041e1e998                msdc_cmd
 .text.msdc_cmd_stop
                0x0000000041e1e9f0       0x68 drivers/mmc/built-in.o
                0x0000000041e1e9f0                msdc_cmd_stop
 .text.msdc_abort_handler
                0x0000000041e1ea58       0xd8 drivers/mmc/built-in.o
                0x0000000041e1ea58                msdc_abort_handler
 .text.msdc_pio_bread
                0x0000000041e1eb30      0x138 drivers/mmc/built-in.o
                0x0000000041e1eb30                msdc_pio_bread
 .text.msdc_pio_bwrite
                0x0000000041e1ec68      0x128 drivers/mmc/built-in.o
                0x0000000041e1ec68                msdc_pio_bwrite
 .text.msdc_tune_bread
                0x0000000041e1ed90      0x420 drivers/mmc/built-in.o
                0x0000000041e1ed90                msdc_tune_bread
 .text.msdc_tune_read
                0x0000000041e1f1b0      0x3b4 drivers/mmc/built-in.o
                0x0000000041e1f1b0                msdc_tune_read
 .text.msdc_tune_bwrite
                0x0000000041e1f564      0x298 drivers/mmc/built-in.o
                0x0000000041e1f564                msdc_tune_bwrite
 .text.msdc_card_detect
                0x0000000041e1f7fc       0xb4 drivers/mmc/built-in.o
                0x0000000041e1f7fc                msdc_card_detect
 .text.msdc_init
                0x0000000041e1f8b0      0x51c drivers/mmc/built-in.o
                0x0000000041e1f8b0                msdc_init
 .text.unstuff_bits
                0x0000000041e1fdcc       0x40 drivers/mmc/built-in.o
 .text.mmc_cmd  0x0000000041e1fe0c       0x30 drivers/mmc/built-in.o
 .text.mmc_app_cmd
                0x0000000041e1fe3c       0x74 drivers/mmc/built-in.o
 .text.mmc_send_if_cond
                0x0000000041e1feb0       0x6c drivers/mmc/built-in.o
 .text.mmc_send_app_op_cond
                0x0000000041e1ff1c       0x8c drivers/mmc/built-in.o
 .text.mmc_send_op_cond
                0x0000000041e1ffa8       0x94 drivers/mmc/built-in.o
 .text.mmc_sd_switch.isra.1.constprop.7
                0x0000000041e2003c       0xe8 drivers/mmc/built-in.o
 .text.mmc_dump_ext_csd
                0x0000000041e20124       0x44 drivers/mmc/built-in.o
                0x0000000041e20124                mmc_dump_ext_csd
 .text.mmc_go_idle
                0x0000000041e20168       0x38 drivers/mmc/built-in.o
                0x0000000041e20168                mmc_go_idle
 .text.mmc_send_status
                0x0000000041e201a0       0x60 drivers/mmc/built-in.o
                0x0000000041e201a0                mmc_send_status
 .text.mmc_select_card
                0x0000000041e20200       0x44 drivers/mmc/built-in.o
                0x0000000041e20200                mmc_select_card
 .text.mmc_switch
                0x0000000041e20244       0xb0 drivers/mmc/built-in.o
                0x0000000041e20244                mmc_switch
 .text.mmc_switch_hs
                0x0000000041e202f4       0x44 drivers/mmc/built-in.o
                0x0000000041e202f4                mmc_switch_hs
 .text.mmc_read_ext_csd
                0x0000000041e20338      0x240 drivers/mmc/built-in.o
                0x0000000041e20338                mmc_read_ext_csd
 .text.mmc_set_clock
                0x0000000041e20578       0x20 drivers/mmc/built-in.o
                0x0000000041e20578                mmc_set_clock
 .text.mmc_set_card_detect
                0x0000000041e20598       0x44 drivers/mmc/built-in.o
                0x0000000041e20598                mmc_set_card_detect
 .text.mmc_set_blk_length
                0x0000000041e205dc       0x5c drivers/mmc/built-in.o
                0x0000000041e205dc                mmc_set_blk_length
 .text.mmc_set_bus_width
                0x0000000041e20638      0x180 drivers/mmc/built-in.o
                0x0000000041e20638                mmc_set_bus_width
 .text.mmc_dev_bread
                0x0000000041e207b8      0x104 drivers/mmc/built-in.o
                0x0000000041e207b8                mmc_dev_bread
 .text.mmc_block_read
                0x0000000041e208bc       0xa8 drivers/mmc/built-in.o
                0x0000000041e208bc                mmc_block_read
 .text.mmc_block_write
                0x0000000041e20964      0x1b0 drivers/mmc/built-in.o
                0x0000000041e20964                mmc_block_write
 .text.mmc_block_erase
                0x0000000041e20b14       0x5c drivers/mmc/built-in.o
                0x0000000041e20b14                mmc_block_erase
 .text.mmc_part_config
                0x0000000041e20b70       0x50 drivers/mmc/built-in.o
                0x0000000041e20b70                mmc_part_config
 .text.mmc_init_mem_card
                0x0000000041e20bc0      0xbec drivers/mmc/built-in.o
                0x0000000041e20bc0                mmc_init_mem_card
 .text.mmc_init_card
                0x0000000041e217ac       0xc4 drivers/mmc/built-in.o
                0x0000000041e217ac                mmc_init_card
 .text.mmc_init_host
                0x0000000041e21870       0x28 drivers/mmc/built-in.o
                0x0000000041e21870                mmc_init_host
 .text.__mmc_init
                0x0000000041e21898       0x40 drivers/mmc/built-in.o
                0x0000000041e21898                __mmc_init
 .text.mmc_info_helper
                0x0000000041e218d8       0xac drivers/mmc/built-in.o
                0x0000000041e218d8                mmc_info_helper
 .text.mmc_info_helper2
                0x0000000041e21984       0xa4 drivers/mmc/built-in.o
                0x0000000041e21984                mmc_info_helper2
 .text.msdc_uffs
                0x0000000041e21a28       0x50 drivers/mmc/built-in.o
                0x0000000041e21a28                msdc_uffs
 .text.msdc_ntohl
                0x0000000041e21a78       0x2c drivers/mmc/built-in.o
                0x0000000041e21a78                msdc_ntohl
 .text.msdc_get_field
                0x0000000041e21aa4       0x28 drivers/mmc/built-in.o
                0x0000000041e21aa4                msdc_get_field
 .text.__mmc_block_read
                0x0000000041e21acc        0x4 drivers/mmc/built-in.o
                0x0000000041e21acc                __mmc_block_read
 .text.__mmc_block_write
                0x0000000041e21ad0        0x4 drivers/mmc/built-in.o
                0x0000000041e21ad0                __mmc_block_write
 .text.__mmc_block_erase
                0x0000000041e21ad4        0x4 drivers/mmc/built-in.o
                0x0000000041e21ad4                __mmc_block_erase
 .text.mmc_get_dev
                0x0000000041e21ad8       0x20 drivers/mmc/built-in.o
                0x0000000041e21ad8                mmc_get_dev
 .text.mmc_legacy_init
                0x0000000041e21af8       0xb0 drivers/mmc/built-in.o
                0x0000000041e21af8                mmc_legacy_init
 .text.get_mmc_num
                0x0000000041e21ba8        0x8 drivers/mmc/built-in.o
                0x0000000041e21ba8                get_mmc_num
 .text.find_mmc_device
                0x0000000041e21bb0       0x54 drivers/mmc/built-in.o
                0x0000000041e21bb0                find_mmc_device
 .text.mmc_init
                0x0000000041e21c04      0x128 drivers/mmc/built-in.o
                0x0000000041e21c04                mmc_init
 .text.mmc_getwp
                0x0000000041e21d2c        0x8 drivers/mmc/built-in.o
                0x0000000041e21d2c                mmc_getwp
 .text.mmc_set_part_conf
                0x0000000041e21d34        0xc drivers/mmc/built-in.o
                0x0000000041e21d34                mmc_set_part_conf
 .text.get_mtd_device_nm
                0x0000000041e21d40       0x6c drivers/mtd/built-in.o
                0x0000000041e21d40                get_mtd_device_nm
 .text.mtd_erase
                0x0000000041e21dac       0x90 drivers/mtd/built-in.o
                0x0000000041e21dac                mtd_erase
 .text.mtd_read
                0x0000000041e21e3c       0xb8 drivers/mtd/built-in.o
                0x0000000041e21e3c                mtd_read
 .text.mtd_write
                0x0000000041e21ef4       0x9c drivers/mtd/built-in.o
                0x0000000041e21ef4                mtd_write
 .text.mtd_read_oob
                0x0000000041e21f90       0x28 drivers/mtd/built-in.o
                0x0000000041e21f90                mtd_read_oob
 .text.mtd_block_isbad
                0x0000000041e21fb8       0x4c drivers/mtd/built-in.o
                0x0000000041e21fb8                mtd_block_isbad
 .text.mtd_block_markbad
                0x0000000041e22004       0x60 drivers/mtd/built-in.o
                0x0000000041e22004                mtd_block_markbad
 .text.part_erase
                0x0000000041e22064       0x6c drivers/mtd/built-in.o
 .text.mtd_erase_callback
                0x0000000041e220d0       0x68 drivers/mtd/built-in.o
                0x0000000041e220d0                mtd_erase_callback
 .text.nand_register
                0x0000000041e22138       0x8c drivers/mtd/nand/built-in.o
                0x0000000041e22138                nand_register
 .text.nand_init
                0x0000000041e221c4       0xc0 drivers/mtd/nand/built-in.o
                0x0000000041e221c4                nand_init
 .text.verify_bbt_descr
                0x0000000041e22284      0x13c drivers/mtd/nand/built-in.o
 .text.scan_read_oob
                0x0000000041e223c0       0xcc drivers/mtd/nand/built-in.o
 .text.check_pattern
                0x0000000041e2248c       0xac drivers/mtd/nand/built-in.o
 .text.create_bbt
                0x0000000041e22538      0x2e0 drivers/mtd/nand/built-in.o
 .text.scan_read
                0x0000000041e22818       0x58 drivers/mtd/nand/built-in.o
 .text.read_bbt
                0x0000000041e22870      0x1e8 drivers/mtd/nand/built-in.o
 .text.read_abs_bbt
                0x0000000041e22a58       0xc8 drivers/mtd/nand/built-in.o
 .text.write_bbt
                0x0000000041e22b20      0x62c drivers/mtd/nand/built-in.o
 .text.search_bbt
                0x0000000041e2314c      0x198 drivers/mtd/nand/built-in.o
 .text.nand_update_bbt
                0x0000000041e232e4      0x11c drivers/mtd/nand/built-in.o
                0x0000000041e232e4                nand_update_bbt
 .text.mark_bbt_region
                0x0000000041e23400      0x16c drivers/mtd/nand/built-in.o
 .text.nand_scan_bbt
                0x0000000041e2356c      0x4f4 drivers/mtd/nand/built-in.o
                0x0000000041e2356c                nand_scan_bbt
 .text.nand_default_bbt
                0x0000000041e23a60      0x100 drivers/mtd/nand/built-in.o
                0x0000000041e23a60                nand_default_bbt
 .text.nand_isbad_bbt
                0x0000000041e23b60       0x4c drivers/mtd/nand/built-in.o
                0x0000000041e23b60                nand_isbad_bbt
 .text.check_skip_len
                0x0000000041e23bac       0xc0 drivers/mtd/nand/built-in.o
 .text.nand_erase_opts
                0x0000000041e23c6c      0x380 drivers/mtd/nand/built-in.o
                0x0000000041e23c6c                nand_erase_opts
 .text.nand_write_skip_bad
                0x0000000041e23fec      0x244 drivers/mtd/nand/built-in.o
                0x0000000041e23fec                nand_write_skip_bad
 .text.nand_read_skip_bad
                0x0000000041e24230      0x25c drivers/mtd/nand/built-in.o
                0x0000000041e24230                nand_read_skip_bad
 .text.nand_calculate_ecc
                0x0000000041e2448c       0xf4 drivers/mtd/nand/built-in.o
                0x0000000041e2448c                nand_calculate_ecc
 .text.nand_correct_data
                0x0000000041e24580      0x120 drivers/mtd/nand/built-in.o
                0x0000000041e24580                nand_correct_data
 .text.nand_read_byte
                0x0000000041e246a0       0x14 drivers/mtd/nand/built-in.o
                0x0000000041e246a0                nand_read_byte
 .text.nand_read_byte16
                0x0000000041e246b4       0x18 drivers/mtd/nand/built-in.o
 .text.nand_read_word
                0x0000000041e246cc       0x14 drivers/mtd/nand/built-in.o
 .text.nand_write_buf
                0x0000000041e246e0       0x2c drivers/mtd/nand/built-in.o
                0x0000000041e246e0                nand_write_buf
 .text.nand_read_buf
                0x0000000041e2470c       0x2c drivers/mtd/nand/built-in.o
                0x0000000041e2470c                nand_read_buf
 .text.nand_verify_buf
                0x0000000041e24738       0x40 drivers/mtd/nand/built-in.o
 .text.nand_write_buf16
                0x0000000041e24778       0x34 drivers/mtd/nand/built-in.o
                0x0000000041e24778                nand_write_buf16
 .text.nand_read_buf16
                0x0000000041e247ac       0x34 drivers/mtd/nand/built-in.o
                0x0000000041e247ac                nand_read_buf16
 .text.nand_verify_buf16
                0x0000000041e247e0       0x4c drivers/mtd/nand/built-in.o
 .text.nand_check_wp
                0x0000000041e2482c       0x50 drivers/mtd/nand/built-in.o
 .text.nand_read_page_raw_syndrome
                0x0000000041e2487c       0xd4 drivers/mtd/nand/built-in.o
 .text.nand_read_page_swecc
                0x0000000041e24950      0x128 drivers/mtd/nand/built-in.o
 .text.nand_read_subpage
                0x0000000041e24a78      0x26c drivers/mtd/nand/built-in.o
 .text.nand_read_page_hwecc
                0x0000000041e24ce4      0x148 drivers/mtd/nand/built-in.o
 .text.nand_read_page_hwecc_oob_first
                0x0000000041e24e2c      0x138 drivers/mtd/nand/built-in.o
 .text.nand_read_page_syndrome
                0x0000000041e24f64      0x124 drivers/mtd/nand/built-in.o
 .text.nand_read_oob_std
                0x0000000041e25088       0x3c drivers/mtd/nand/built-in.o
 .text.nand_read_oob_syndrome
                0x0000000041e250c4      0x100 drivers/mtd/nand/built-in.o
 .text.nand_write_oob_std
                0x0000000041e251c4       0x70 drivers/mtd/nand/built-in.o
 .text.nand_write_oob_syndrome
                0x0000000041e25234      0x194 drivers/mtd/nand/built-in.o
 .text.nand_write_page_raw_syndrome
                0x0000000041e253c8       0xd4 drivers/mtd/nand/built-in.o
 .text.nand_write_page_swecc
                0x0000000041e2549c       0xb8 drivers/mtd/nand/built-in.o
 .text.nand_write_page_hwecc
                0x0000000041e25554       0xd0 drivers/mtd/nand/built-in.o
 .text.nand_write_page_syndrome
                0x0000000041e25624       0xf4 drivers/mtd/nand/built-in.o
 .text.single_erase_cmd
                0x0000000041e25718       0x3c drivers/mtd/nand/built-in.o
 .text.multi_erase_cmd
                0x0000000041e25754       0x88 drivers/mtd/nand/built-in.o
 .text.nand_onfi_set_features
                0x0000000041e257dc       0x64 drivers/mtd/nand/built-in.o
 .text.nand_block_checkbad
                0x0000000041e25840       0x78 drivers/mtd/nand/built-in.o
 .text.nand_block_isbad
                0x0000000041e258b8       0x1c drivers/mtd/nand/built-in.o
 .text.nand_block_markbad
                0x0000000041e258d4       0x40 drivers/mtd/nand/built-in.o
 .text.nand_onfi_get_features
                0x0000000041e25914       0x6c drivers/mtd/nand/built-in.o
 .text.nand_wait
                0x0000000041e25980       0xa4 drivers/mtd/nand/built-in.o
 .text.nand_fill_oob
                0x0000000041e25a24      0x118 drivers/mtd/nand/built-in.o
 .text.nand_do_write_oob
                0x0000000041e25b3c      0x17c drivers/mtd/nand/built-in.o
 .text.nand_do_write_ops
                0x0000000041e25cb8      0x340 drivers/mtd/nand/built-in.o
 .text.unlikely.sanitize_string
                0x0000000041e25ff8       0x38 drivers/mtd/nand/built-in.o
 .text.generic_ffs
                0x0000000041e26030       0x50 drivers/mtd/nand/built-in.o
 .text.nand_read_page_raw
                0x0000000041e26080       0x44 drivers/mtd/nand/built-in.o
 .text.nand_write_page_raw
                0x0000000041e260c4       0x44 drivers/mtd/nand/built-in.o
 .text.nand_write_page
                0x0000000041e26108      0x118 drivers/mtd/nand/built-in.o
 .text.nand_select_chip
                0x0000000041e26220       0x50 drivers/mtd/nand/built-in.o
 .text.nand_transfer_oob
                0x0000000041e26270      0x100 drivers/mtd/nand/built-in.o
 .text.nand_do_read_ops
                0x0000000041e26370      0x368 drivers/mtd/nand/built-in.o
 .text.nand_release_device
                0x0000000041e266d8       0x10 drivers/mtd/nand/built-in.o
                0x0000000041e266d8                nand_release_device
 .text.nand_block_bad
                0x0000000041e266e8      0x1a0 drivers/mtd/nand/built-in.o
 .text.nand_sync
                0x0000000041e26888       0x10 drivers/mtd/nand/built-in.o
 .text.nand_write_oob
                0x0000000041e26898       0xa4 drivers/mtd/nand/built-in.o
 .text.nand_read_oob
                0x0000000041e2693c      0x338 drivers/mtd/nand/built-in.o
 .text.nand_write
                0x0000000041e26c74       0x64 drivers/mtd/nand/built-in.o
 .text.nand_read
                0x0000000041e26cd8       0x64 drivers/mtd/nand/built-in.o
 .text.nand_wait_ready
                0x0000000041e26d3c       0x4c drivers/mtd/nand/built-in.o
                0x0000000041e26d3c                nand_wait_ready
 .text.nand_command
                0x0000000041e26d88      0x1cc drivers/mtd/nand/built-in.o
 .text.nand_command_lp
                0x0000000041e26f54      0x258 drivers/mtd/nand/built-in.o
 .text.nand_get_device
                0x0000000041e271ac        0xc drivers/mtd/nand/built-in.o
                0x0000000041e271ac                nand_get_device
 .text.nand_erase_nand
                0x0000000041e271b8      0x394 drivers/mtd/nand/built-in.o
                0x0000000041e271b8                nand_erase_nand
 .text.nand_default_block_markbad
                0x0000000041e2754c      0x1c4 drivers/mtd/nand/built-in.o
 .text.nand_erase
                0x0000000041e27710        0x8 drivers/mtd/nand/built-in.o
 .text.nand_scan_ident
                0x0000000041e27718      0xa6c drivers/mtd/nand/built-in.o
                0x0000000041e27718                nand_scan_ident
 .text.nand_scan_tail
                0x0000000041e28184      0x5b8 drivers/mtd/nand/built-in.o
                0x0000000041e28184                nand_scan_tail
 .text.nand_scan
                0x0000000041e2873c       0x24 drivers/mtd/nand/built-in.o
                0x0000000041e2873c                nand_scan
 .text.rt2880_eth_recv
                0x0000000041e28760      0x1bc drivers/net/built-in.o
 .text.rt2880_eth_send
                0x0000000041e2891c      0x138 drivers/net/built-in.o
 .text.EswCntRead
                0x0000000041e28a54      0x7a4 drivers/net/built-in.o
                0x0000000041e28a54                EswCntRead
 .text.rdm_ioctl
                0x0000000041e291f8      0x184 drivers/net/built-in.o
                0x0000000041e291f8                rdm_ioctl
 .text.START_ETH
                0x0000000041e2937c       0x2c drivers/net/built-in.o
                0x0000000041e2937c                START_ETH
 .text.STOP_ETH
                0x0000000041e293a8       0x2c drivers/net/built-in.o
                0x0000000041e293a8                STOP_ETH
 .text.rt2880_eth_halt
                0x0000000041e293d4        0x4 drivers/net/built-in.o
                0x0000000041e293d4                rt2880_eth_halt
 .text.rt2880_free_buf_entry_dequeue
                0x0000000041e293d8       0x38 drivers/net/built-in.o
                0x0000000041e293d8                rt2880_free_buf_entry_dequeue
 .text.rt2880_eth_initialize
                0x0000000041e29410      0x188 drivers/net/built-in.o
                0x0000000041e29410                rt2880_eth_initialize
 .text.isDMABusy
                0x0000000041e29598       0x34 drivers/net/built-in.o
                0x0000000041e29598                isDMABusy
 .text.rt2880_eth_init
                0x0000000041e295cc      0x49c drivers/net/built-in.o
 .text.__mii_mgr_read
                0x0000000041e29a68       0xe4 drivers/net/built-in.o
                0x0000000041e29a68                __mii_mgr_read
 .text.__mii_mgr_write
                0x0000000041e29b4c       0xcc drivers/net/built-in.o
                0x0000000041e29b4c                __mii_mgr_write
 .text.mii_mgr_read
                0x0000000041e29c18       0x90 drivers/net/built-in.o
                0x0000000041e29c18                mii_mgr_read
 .text.mii_mgr_write
                0x0000000041e29ca8       0x68 drivers/net/built-in.o
                0x0000000041e29ca8                mii_mgr_write
 .text.rt2880_mdio_access
                0x0000000041e29d10      0x3d8 drivers/net/built-in.o
                0x0000000041e29d10                rt2880_mdio_access
 .text.mt7531_reg_write
                0x0000000041e2a0e8       0x40 drivers/net/built-in.o
 .text.mt7531_reg_read
                0x0000000041e2a128       0x4c drivers/net/built-in.o
 .text.mt7531_mac_port_setup
                0x0000000041e2a174      0x1f4 drivers/net/built-in.o
 .text.mt7531_mii_rw
                0x0000000041e2a368       0x9c drivers/net/built-in.o
 .text.mt7531_mmd_read
                0x0000000041e2a404       0x48 drivers/net/built-in.o
                0x0000000041e2a404                mt7531_mmd_read
 .text.mt7531_mmd_write